Archive member included because of file (symbol)

d:/program files/atmel/avr studio 5.0/avr toolchain/bin/../lib/gcc/avr/4.5.1/avr4\libgcc.a(_exit.o)
                              d:/program files/atmel/avr studio 5.0/avr toolchain/bin/../lib/gcc/avr/4.5.1/../../../../avr/lib/avr4/crtm88p.o (exit)
d:/program files/atmel/avr studio 5.0/avr toolchain/bin/../lib/gcc/avr/4.5.1/avr4\libgcc.a(_copy_data.o)
                              I2C.o (__do_copy_data)
d:/program files/atmel/avr studio 5.0/avr toolchain/bin/../lib/gcc/avr/4.5.1/avr4\libgcc.a(_clear_bss.o)
                              button.o (__do_clear_bss)
d:/program files/atmel/avr studio 5.0/avr toolchain/bin/../lib/gcc/avr/4.5.1/../../../../avr/lib/avr4\libc.a(sprintf.o)
                              I2C.o (sprintf)
d:/program files/atmel/avr studio 5.0/avr toolchain/bin/../lib/gcc/avr/4.5.1/../../../../avr/lib/avr4\libc.a(vfprintf_std.o)
                              d:/program files/atmel/avr studio 5.0/avr toolchain/bin/../lib/gcc/avr/4.5.1/../../../../avr/lib/avr4\libc.a(sprintf.o) (vfprintf)
d:/program files/atmel/avr studio 5.0/avr toolchain/bin/../lib/gcc/avr/4.5.1/../../../../avr/lib/avr4\libc.a(strnlen_P.o)
                              d:/program files/atmel/avr studio 5.0/avr toolchain/bin/../lib/gcc/avr/4.5.1/../../../../avr/lib/avr4\libc.a(vfprintf_std.o) (strnlen_P)
d:/program files/atmel/avr studio 5.0/avr toolchain/bin/../lib/gcc/avr/4.5.1/../../../../avr/lib/avr4\libc.a(strnlen.o)
                              d:/program files/atmel/avr studio 5.0/avr toolchain/bin/../lib/gcc/avr/4.5.1/../../../../avr/lib/avr4\libc.a(vfprintf_std.o) (strnlen)
d:/program files/atmel/avr studio 5.0/avr toolchain/bin/../lib/gcc/avr/4.5.1/../../../../avr/lib/avr4\libc.a(fputc.o)
                              d:/program files/atmel/avr studio 5.0/avr toolchain/bin/../lib/gcc/avr/4.5.1/../../../../avr/lib/avr4\libc.a(vfprintf_std.o) (fputc)
d:/program files/atmel/avr studio 5.0/avr toolchain/bin/../lib/gcc/avr/4.5.1/../../../../avr/lib/avr4\libc.a(ultoa_invert.o)
                              d:/program files/atmel/avr studio 5.0/avr toolchain/bin/../lib/gcc/avr/4.5.1/../../../../avr/lib/avr4\libc.a(vfprintf_std.o) (__ultoa_invert)
d:/program files/atmel/avr studio 5.0/avr toolchain/bin/../lib/gcc/avr/4.5.1/avr4\libgcc.a(_prologue.o)
                              d:/program files/atmel/avr studio 5.0/avr toolchain/bin/../lib/gcc/avr/4.5.1/../../../../avr/lib/avr4\libc.a(sprintf.o) (__prologue_saves__)
d:/program files/atmel/avr studio 5.0/avr toolchain/bin/../lib/gcc/avr/4.5.1/avr4\libgcc.a(_epilogue.o)
                              d:/program files/atmel/avr studio 5.0/avr toolchain/bin/../lib/gcc/avr/4.5.1/../../../../avr/lib/avr4\libc.a(sprintf.o) (__epilogue_restores__)

Allocating common symbols
Common symbol       size              file

TIMER_CB_TICK       0x14              OS.o
I2C_statusCode      0x1               I2C.o
I2C_function        0x2               I2C.o
OS_CURRENT_STATE    0x1               OS.o
pointer             0x2               EEPROM.o
buffer              0x2               EEPROM.o
TIMER_CB_TIME       0x14              OS.o
pageWidth           0x2               EEPROM.o
TIMER_CB_FUNC       0x14              OS.o
SLA                 0x1               I2C.o

Memory Configuration

Name             Origin             Length             Attributes
text             0x00000000         0x00002000         xr
data             0x00800060         0x0000ffa0         rw !x
eeprom           0x00810000         0x00010000         rw !x
fuse             0x00820000         0x00000400         rw !x
lock             0x00830000         0x00000400         rw !x
signature        0x00840000         0x00000400         rw !x
*default*        0x00000000         0xffffffff

Linker script and memory map

Address of section .data set to 0x800100
LOAD d:/program files/atmel/avr studio 5.0/avr toolchain/bin/../lib/gcc/avr/4.5.1/../../../../avr/lib/avr4/crtm88p.o
LOAD button.o
LOAD EEPROM.o
LOAD hardware.o
LOAD I2C.o
LOAD lcd.o
LOAD main.o
LOAD MAX.o
LOAD menu.o
LOAD OS.o
LOAD SPI.o
LOAD timers.o
LOAD USART.o
LOAD d:/program files/atmel/avr studio 5.0/avr toolchain/bin/../lib/gcc/avr/4.5.1/avr4\libgcc.a
LOAD d:/program files/atmel/avr studio 5.0/avr toolchain/bin/../lib/gcc/avr/4.5.1/../../../../avr/lib/avr4\libc.a
LOAD d:/program files/atmel/avr studio 5.0/avr toolchain/bin/../lib/gcc/avr/4.5.1/avr4\libgcc.a

.hash
 *(.hash)

.dynsym
 *(.dynsym)

.dynstr
 *(.dynstr)

.gnu.version
 *(.gnu.version)

.gnu.version_d
 *(.gnu.version_d)

.gnu.version_r
 *(.gnu.version_r)

.rel.init
 *(.rel.init)

.rela.init
 *(.rela.init)

.rel.text
 *(.rel.text)
 *(.rel.text.*)
 *(.rel.gnu.linkonce.t*)

.rela.text
 *(.rela.text)
 *(.rela.text.*)
 *(.rela.gnu.linkonce.t*)

.rel.fini
 *(.rel.fini)

.rela.fini
 *(.rela.fini)

.rel.rodata
 *(.rel.rodata)
 *(.rel.rodata.*)
 *(.rel.gnu.linkonce.r*)

.rela.rodata
 *(.rela.rodata)
 *(.rela.rodata.*)
 *(.rela.gnu.linkonce.r*)

.rel.data
 *(.rel.data)
 *(.rel.data.*)
 *(.rel.gnu.linkonce.d*)

.rela.data
 *(.rela.data)
 *(.rela.data.*)
 *(.rela.gnu.linkonce.d*)

.rel.ctors
 *(.rel.ctors)

.rela.ctors
 *(.rela.ctors)

.rel.dtors
 *(.rel.dtors)

.rela.dtors
 *(.rela.dtors)

.rel.got
 *(.rel.got)

.rela.got
 *(.rela.got)

.rel.bss
 *(.rel.bss)

.rela.bss
 *(.rela.bss)

.rel.plt
 *(.rel.plt)

.rela.plt
 *(.rela.plt)

.text           0x00000000     0x2374
 *(.vectors)
 .vectors       0x00000000       0x34 d:/program files/atmel/avr studio 5.0/avr toolchain/bin/../lib/gcc/avr/4.5.1/../../../../avr/lib/avr4/crtm88p.o
                0x00000000                __vector_default
                0x00000000                __vectors
 *(.vectors)
 *(.progmem.gcc*)
 *(.progmem*)
 .progmem.data  0x00000034        0x7 main.o
 .progmem.data  0x0000003b       0xf5 menu.o
                0x0000003b                ST_WELCOME_TXT
                0x00000045                ST_TEMP_PTS_TXT
                0x0000004f                ST_PROFILES_TXT
                0x00000059                ST_PROFILES_SAVE_TXT
                0x00000060                ST_PROFILES_LOAD_TXT
                0x00000067                ST_RUN_TXT
                0x0000006b                ST_MANUAL_TXT
                0x00000074                ST_MANUAL_TEMP_TXT
                0x00000079                ST_MANUAL_CMD_TXT
                0x00000083                ST_MANUAL_SET_CMD_TXT
                0x00000090                Menu_State
                0x000000c7                Menu_Nextstate
                0x00000130                . = ALIGN (0x2)
                0x00000130                __trampolines_start = .
 *(.trampolines)
 .trampolines   0x00000130        0x0 linker stubs
 *(.trampolines*)
                0x00000130                __trampolines_end = .
 *(.jumptables)
 *(.jumptables*)
 *(.lowtext)
 *(.lowtext*)
                0x00000130                __ctors_start = .
 *(.ctors)
                0x00000130                __ctors_end = .
                0x00000130                __dtors_start = .
 *(.dtors)
                0x00000130                __dtors_end = .
 SORT(*)(.ctors)
 SORT(*)(.dtors)
 *(.init0)
 .init0         0x00000130        0x0 d:/program files/atmel/avr studio 5.0/avr toolchain/bin/../lib/gcc/avr/4.5.1/../../../../avr/lib/avr4/crtm88p.o
                0x00000130                __init
 *(.init0)
 *(.init1)
 *(.init1)
 *(.init2)
 .init2         0x00000130        0xc d:/program files/atmel/avr studio 5.0/avr toolchain/bin/../lib/gcc/avr/4.5.1/../../../../avr/lib/avr4/crtm88p.o
 *(.init2)
 *(.init3)
 *(.init3)
 *(.init4)
 .init4         0x0000013c       0x16 d:/program files/atmel/avr studio 5.0/avr toolchain/bin/../lib/gcc/avr/4.5.1/avr4\libgcc.a(_copy_data.o)
                0x0000013c                __do_copy_data
 .init4         0x00000152       0x10 d:/program files/atmel/avr studio 5.0/avr toolchain/bin/../lib/gcc/avr/4.5.1/avr4\libgcc.a(_clear_bss.o)
                0x00000152                __do_clear_bss
 *(.init4)
 *(.init5)
 *(.init5)
 *(.init6)
 *(.init6)
 *(.init7)
 *(.init7)
 *(.init8)
 *(.init8)
 *(.init9)
 .init9         0x00000162        0x4 d:/program files/atmel/avr studio 5.0/avr toolchain/bin/../lib/gcc/avr/4.5.1/../../../../avr/lib/avr4/crtm88p.o
 *(.init9)
 *(.text)
 .text          0x00000166        0x2 d:/program files/atmel/avr studio 5.0/avr toolchain/bin/../lib/gcc/avr/4.5.1/../../../../avr/lib/avr4/crtm88p.o
                0x00000166                __vector_22
                0x00000166                __vector_1
                0x00000166                __vector_12
                0x00000166                __bad_interrupt
                0x00000166                __vector_6
                0x00000166                __vector_23
                0x00000166                __vector_25
                0x00000166                __vector_11
                0x00000166                __vector_13
                0x00000166                __vector_19
                0x00000166                __vector_4
                0x00000166                __vector_9
                0x00000166                __vector_2
                0x00000166                __vector_21
                0x00000166                __vector_15
                0x00000166                __vector_8
                0x00000166                __vector_14
                0x00000166                __vector_10
                0x00000166                __vector_16
                0x00000166                __vector_18
                0x00000166                __vector_20
 .text          0x00000168      0x2d6 button.o
                0x00000168                KEYBOARD_init
                0x0000023a                __vector_5
                0x000002c0                __vector_3
                0x00000346                read_key
                0x00000420                KEYBOARD_getKey
 .text          0x0000043e      0x1f6 EEPROM.o
                0x0000043e                EEPROM_writeByte
                0x00000484                EEPROM_writePage
                0x000004e2                writeByte
                0x00000580                writePage
 .text          0x00000634       0xa0 hardware.o
                0x00000634                hardware_init
                0x0000064a                statusLed_init
                0x0000067c                statusLedOn
                0x0000069c                statusLedOff
                0x000006bc                statusLedToggle
 .text          0x000006d4      0x28c I2C.o
                0x000006d4                I2C_init
                0x0000072c                I2C_setAddress
                0x00000746                I2C_setFunction
                0x0000076a                I2C_start
                0x0000079c                I2C_stop
                0x000007ce                I2C_send
                0x00000810                I2C_sendSLAW
                0x00000850                I2C_sendSLAR
                0x00000898                __vector_24
 .text          0x00000960      0x41a lcd.o
                0x00000b9a                lcd_command
                0x00000bb6                lcd_gotoxy
                0x00000be2                lcd_clrscr
                0x00000bf4                lcd_putc
                0x00000c20                lcd_puts
                0x00000c60                lcd_puts_p
                0x00000cb0                lcd_init
 .text          0x00000d7a      0x51a main.o
                0x00000d7a                main
                0x00000df4                st_welcome
                0x00000ef6                st_temp_pts
                0x00000f28                st_profiles
                0x00000f5a                st_profiles_save
                0x00000f8c                st_profiles_load
                0x00000fbe                st_run
                0x00000ff0                st_manual
                0x00001022                st_manual_temp
                0x00001054                st_manual_cmd
                0x000010e0                st_manual_set_cmd
 .text          0x00001294       0x96 MAX.o
                0x00001294                MAX_init
                0x000012a6                MAX_start
                0x000012b6                MAX_getTemp
 .text          0x0000132a        0x0 menu.o
 .text          0x0000132a      0x540 OS.o
                0x0000132a                OS_init
                0x00001388                OS_start
                0x000015b2                OS_stateMachine
                0x0000167c                OS_addTimerCallback
                0x00001726                OS_removeTimerCallback
                0x00001778                OS_updateCallbackTime
                0x000017ae                __vector_7
 .text          0x0000186a      0x23e SPI.o
                0x0000186a                SPI_init
                0x00001908                SPI_start
                0x00001954                SPI_getFrame
                0x00001976                __vector_17
 .text          0x00001aa8      0x1c0 timers.o
                0x00001aa8                CB_TIMER_Init_1ms
                0x00001af6                PWM_Init
                0x00001b38                PWM_setDutyCycle
                0x00001b56                PWM_enable
                0x00001bd0                PWM_disable
 .text          0x00001c68      0x16a USART.o
                0x00001c68                RS232_init
                0x00001cc4                RS232_sendByte
                0x00001cf8                RS232_print
                0x00001d34                RS232_println
                0x00001d76                RS232_sendBuffer
 .text          0x00001dd2        0x0 d:/program files/atmel/avr studio 5.0/avr toolchain/bin/../lib/gcc/avr/4.5.1/avr4\libgcc.a(_exit.o)
 .text          0x00001dd2        0x0 d:/program files/atmel/avr studio 5.0/avr toolchain/bin/../lib/gcc/avr/4.5.1/avr4\libgcc.a(_copy_data.o)
 .text          0x00001dd2        0x0 d:/program files/atmel/avr studio 5.0/avr toolchain/bin/../lib/gcc/avr/4.5.1/avr4\libgcc.a(_clear_bss.o)
 .text          0x00001dd2        0x0 d:/program files/atmel/avr studio 5.0/avr toolchain/bin/../lib/gcc/avr/4.5.1/../../../../avr/lib/avr4\libc.a(sprintf.o)
 .text          0x00001dd2        0x0 d:/program files/atmel/avr studio 5.0/avr toolchain/bin/../lib/gcc/avr/4.5.1/../../../../avr/lib/avr4\libc.a(vfprintf_std.o)
 .text          0x00001dd2        0x0 d:/program files/atmel/avr studio 5.0/avr toolchain/bin/../lib/gcc/avr/4.5.1/../../../../avr/lib/avr4\libc.a(strnlen_P.o)
 .text          0x00001dd2        0x0 d:/program files/atmel/avr studio 5.0/avr toolchain/bin/../lib/gcc/avr/4.5.1/../../../../avr/lib/avr4\libc.a(strnlen.o)
 .text          0x00001dd2        0x0 d:/program files/atmel/avr studio 5.0/avr toolchain/bin/../lib/gcc/avr/4.5.1/../../../../avr/lib/avr4\libc.a(fputc.o)
 .text          0x00001dd2        0x0 d:/program files/atmel/avr studio 5.0/avr toolchain/bin/../lib/gcc/avr/4.5.1/../../../../avr/lib/avr4\libc.a(ultoa_invert.o)
 .text          0x00001dd2        0x0 d:/program files/atmel/avr studio 5.0/avr toolchain/bin/../lib/gcc/avr/4.5.1/avr4\libgcc.a(_prologue.o)
 .text          0x00001dd2        0x0 d:/program files/atmel/avr studio 5.0/avr toolchain/bin/../lib/gcc/avr/4.5.1/avr4\libgcc.a(_epilogue.o)
                0x00001dd2                . = ALIGN (0x2)
 *(.text.*)
 .text.libgcc   0x00001dd2        0x0 d:/program files/atmel/avr studio 5.0/avr toolchain/bin/../lib/gcc/avr/4.5.1/avr4\libgcc.a(_exit.o)
 .text.libgcc   0x00001dd2        0x0 d:/program files/atmel/avr studio 5.0/avr toolchain/bin/../lib/gcc/avr/4.5.1/avr4\libgcc.a(_copy_data.o)
 .text.libgcc   0x00001dd2        0x0 d:/program files/atmel/avr studio 5.0/avr toolchain/bin/../lib/gcc/avr/4.5.1/avr4\libgcc.a(_clear_bss.o)
 .text.avr-libc
                0x00001dd2       0x40 d:/program files/atmel/avr studio 5.0/avr toolchain/bin/../lib/gcc/avr/4.5.1/../../../../avr/lib/avr4\libc.a(sprintf.o)
                0x00001dd2                sprintf
 .text.avr-libc
                0x00001e12      0x3b0 d:/program files/atmel/avr studio 5.0/avr toolchain/bin/../lib/gcc/avr/4.5.1/../../../../avr/lib/avr4\libc.a(vfprintf_std.o)
                0x00001e12                vfprintf
 .text.avr-libc
                0x000021c2       0x16 d:/program files/atmel/avr studio 5.0/avr toolchain/bin/../lib/gcc/avr/4.5.1/../../../../avr/lib/avr4\libc.a(strnlen_P.o)
                0x000021c2                strnlen_P
 .text.avr-libc
                0x000021d8       0x16 d:/program files/atmel/avr studio 5.0/avr toolchain/bin/../lib/gcc/avr/4.5.1/../../../../avr/lib/avr4\libc.a(strnlen.o)
                0x000021d8                strnlen
 .text.avr-libc
                0x000021ee       0x58 d:/program files/atmel/avr studio 5.0/avr toolchain/bin/../lib/gcc/avr/4.5.1/../../../../avr/lib/avr4\libc.a(fputc.o)
                0x000021ee                fputc
 .text.avr-libc
                0x00002246       0xbc d:/program files/atmel/avr studio 5.0/avr toolchain/bin/../lib/gcc/avr/4.5.1/../../../../avr/lib/avr4\libc.a(ultoa_invert.o)
                0x00002246                __ultoa_invert
 .text.libgcc   0x00002302       0x38 d:/program files/atmel/avr studio 5.0/avr toolchain/bin/../lib/gcc/avr/4.5.1/avr4\libgcc.a(_prologue.o)
                0x00002302                __prologue_saves__
 .text.libgcc   0x0000233a       0x36 d:/program files/atmel/avr studio 5.0/avr toolchain/bin/../lib/gcc/avr/4.5.1/avr4\libgcc.a(_epilogue.o)
                0x0000233a                __epilogue_restores__
                0x00002370                . = ALIGN (0x2)
 *(.fini9)
 .fini9         0x00002370        0x0 d:/program files/atmel/avr studio 5.0/avr toolchain/bin/../lib/gcc/avr/4.5.1/avr4\libgcc.a(_exit.o)
                0x00002370                _exit
                0x00002370                exit
 *(.fini9)
 *(.fini8)
 *(.fini8)
 *(.fini7)
 *(.fini7)
 *(.fini6)
 *(.fini6)
 *(.fini5)
 *(.fini5)
 *(.fini4)
 *(.fini4)
 *(.fini3)
 *(.fini3)
 *(.fini2)
 *(.fini2)
 *(.fini1)
 *(.fini1)
 *(.fini0)
 .fini0         0x00002370        0x4 d:/program files/atmel/avr studio 5.0/avr toolchain/bin/../lib/gcc/avr/4.5.1/avr4\libgcc.a(_exit.o)
 *(.fini0)
                0x00002374                _etext = .

.data           0x00800100       0x84 load address 0x00002374
                0x00800100                PROVIDE (__data_start, .)
 *(.data)
 .data          0x00800100        0x0 d:/program files/atmel/avr studio 5.0/avr toolchain/bin/../lib/gcc/avr/4.5.1/../../../../avr/lib/avr4/crtm88p.o
 .data          0x00800100        0x0 button.o
 .data          0x00800100        0x0 EEPROM.o
 .data          0x00800100        0x0 hardware.o
 .data          0x00800100       0x18 I2C.o
 .data          0x00800118        0x0 lcd.o
 .data          0x00800118       0x45 main.o
                0x00800118                blinkPeriod
                0x0080011a                PWM_DC
 .data          0x0080015d        0x0 MAX.o
 .data          0x0080015d        0x0 menu.o
 .data          0x0080015d        0x0 OS.o
 .data          0x0080015d        0x5 SPI.o
                0x0080015d                nbits
 .data          0x00800162       0x1e timers.o
 .data          0x00800180        0x3 USART.o
 .data          0x00800183        0x0 d:/program files/atmel/avr studio 5.0/avr toolchain/bin/../lib/gcc/avr/4.5.1/avr4\libgcc.a(_exit.o)
 .data          0x00800183        0x0 d:/program files/atmel/avr studio 5.0/avr toolchain/bin/../lib/gcc/avr/4.5.1/avr4\libgcc.a(_copy_data.o)
 .data          0x00800183        0x0 d:/program files/atmel/avr studio 5.0/avr toolchain/bin/../lib/gcc/avr/4.5.1/avr4\libgcc.a(_clear_bss.o)
 .data          0x00800183        0x0 d:/program files/atmel/avr studio 5.0/avr toolchain/bin/../lib/gcc/avr/4.5.1/../../../../avr/lib/avr4\libc.a(sprintf.o)
 .data          0x00800183        0x0 d:/program files/atmel/avr studio 5.0/avr toolchain/bin/../lib/gcc/avr/4.5.1/../../../../avr/lib/avr4\libc.a(vfprintf_std.o)
 .data          0x00800183        0x0 d:/program files/atmel/avr studio 5.0/avr toolchain/bin/../lib/gcc/avr/4.5.1/../../../../avr/lib/avr4\libc.a(strnlen_P.o)
 .data          0x00800183        0x0 d:/program files/atmel/avr studio 5.0/avr toolchain/bin/../lib/gcc/avr/4.5.1/../../../../avr/lib/avr4\libc.a(strnlen.o)
 .data          0x00800183        0x0 d:/program files/atmel/avr studio 5.0/avr toolchain/bin/../lib/gcc/avr/4.5.1/../../../../avr/lib/avr4\libc.a(fputc.o)
 .data          0x00800183        0x0 d:/program files/atmel/avr studio 5.0/avr toolchain/bin/../lib/gcc/avr/4.5.1/../../../../avr/lib/avr4\libc.a(ultoa_invert.o)
 .data          0x00800183        0x0 d:/program files/atmel/avr studio 5.0/avr toolchain/bin/../lib/gcc/avr/4.5.1/avr4\libgcc.a(_prologue.o)
 .data          0x00800183        0x0 d:/program files/atmel/avr studio 5.0/avr toolchain/bin/../lib/gcc/avr/4.5.1/avr4\libgcc.a(_epilogue.o)
 *(.data*)
 *(.rodata)
 *(.rodata*)
 *(.gnu.linkonce.d*)
                0x00800184                . = ALIGN (0x2)
 *fill*         0x00800183        0x1 00
                0x00800184                _edata = .
                0x00800184                PROVIDE (__data_end, .)

.bss            0x00800184       0x62
                0x00800184                PROVIDE (__bss_start, .)
 *(.bss)
 .bss           0x00800184        0x0 d:/program files/atmel/avr studio 5.0/avr toolchain/bin/../lib/gcc/avr/4.5.1/../../../../avr/lib/avr4/crtm88p.o
 .bss           0x00800184        0x3 button.o
                0x00800184                KEY
                0x00800185                CBID_ReadKey
                0x00800186                CBID_KEYDOWN_simulation
 .bss           0x00800187        0x4 EEPROM.o
 .bss           0x0080018b        0x0 hardware.o
 .bss           0x0080018b        0x0 I2C.o
 .bss           0x0080018b        0x0 lcd.o
 .bss           0x0080018b        0xd main.o
                0x0080018b                CBID_TglLed
                0x0080018c                CBID_delay
                0x0080018d                CBID_AcqSpi
                0x0080018e                CBID_RefreshLCD
                0x0080018f                pwmDCpourMille
 .bss           0x00800198        0x0 MAX.o
 .bss           0x00800198        0x0 menu.o
 .bss           0x00800198        0x0 OS.o
 .bss           0x00800198        0x7 SPI.o
                0x00800198                frame
                0x0080019c                count
                0x0080019d                temp
 .bss           0x0080019f        0x0 timers.o
 .bss           0x0080019f        0x0 USART.o
 .bss           0x0080019f        0x0 d:/program files/atmel/avr studio 5.0/avr toolchain/bin/../lib/gcc/avr/4.5.1/avr4\libgcc.a(_exit.o)
 .bss           0x0080019f        0x0 d:/program files/atmel/avr studio 5.0/avr toolchain/bin/../lib/gcc/avr/4.5.1/avr4\libgcc.a(_copy_data.o)
 .bss           0x0080019f        0x0 d:/program files/atmel/avr studio 5.0/avr toolchain/bin/../lib/gcc/avr/4.5.1/avr4\libgcc.a(_clear_bss.o)
 .bss           0x0080019f        0x0 d:/program files/atmel/avr studio 5.0/avr toolchain/bin/../lib/gcc/avr/4.5.1/../../../../avr/lib/avr4\libc.a(sprintf.o)
 .bss           0x0080019f        0x0 d:/program files/atmel/avr studio 5.0/avr toolchain/bin/../lib/gcc/avr/4.5.1/../../../../avr/lib/avr4\libc.a(vfprintf_std.o)
 .bss           0x0080019f        0x0 d:/program files/atmel/avr studio 5.0/avr toolchain/bin/../lib/gcc/avr/4.5.1/../../../../avr/lib/avr4\libc.a(strnlen_P.o)
 .bss           0x0080019f        0x0 d:/program files/atmel/avr studio 5.0/avr toolchain/bin/../lib/gcc/avr/4.5.1/../../../../avr/lib/avr4\libc.a(strnlen.o)
 .bss           0x0080019f        0x0 d:/program files/atmel/avr studio 5.0/avr toolchain/bin/../lib/gcc/avr/4.5.1/../../../../avr/lib/avr4\libc.a(fputc.o)
 .bss           0x0080019f        0x0 d:/program files/atmel/avr studio 5.0/avr toolchain/bin/../lib/gcc/avr/4.5.1/../../../../avr/lib/avr4\libc.a(ultoa_invert.o)
 .bss           0x0080019f        0x0 d:/program files/atmel/avr studio 5.0/avr toolchain/bin/../lib/gcc/avr/4.5.1/avr4\libgcc.a(_prologue.o)
 .bss           0x0080019f        0x0 d:/program files/atmel/avr studio 5.0/avr toolchain/bin/../lib/gcc/avr/4.5.1/avr4\libgcc.a(_epilogue.o)
 *(.bss*)
 *(COMMON)
 COMMON         0x0080019f        0x6 EEPROM.o
                0x0080019f                pointer
                0x008001a1                buffer
                0x008001a3                pageWidth
 COMMON         0x008001a5        0x4 I2C.o
                0x008001a5                I2C_statusCode
                0x008001a6                I2C_function
                0x008001a8                SLA
 COMMON         0x008001a9       0x3d OS.o
                0x008001a9                TIMER_CB_TICK
                0x008001bd                OS_CURRENT_STATE
                0x008001be                TIMER_CB_TIME
                0x008001d2                TIMER_CB_FUNC
                0x008001e6                PROVIDE (__bss_end, .)
                0x00002374                __data_load_start = LOADADDR (.data)
                0x000023f8                __data_load_end = (__data_load_start + SIZEOF (.data))

.noinit         0x008001e6        0x0
                0x008001e6                PROVIDE (__noinit_start, .)
 *(.noinit*)
                0x008001e6                PROVIDE (__noinit_end, .)
                0x008001e6                _end = .
                0x008001e6                PROVIDE (__heap_start, .)

.eeprom         0x00810000        0x0
 *(.eeprom*)
                0x00810000                __eeprom_end = .

.fuse
 *(.fuse)
 *(.lfuse)
 *(.hfuse)
 *(.efuse)

.lock
 *(.lock*)

.signature
 *(.signature*)

.stab           0x00000000      0xc84
 *(.stab)
 .stab          0x00000000      0x6cc d:/program files/atmel/avr studio 5.0/avr toolchain/bin/../lib/gcc/avr/4.5.1/../../../../avr/lib/avr4/crtm88p.o
 .stab          0x000006cc       0x9c d:/program files/atmel/avr studio 5.0/avr toolchain/bin/../lib/gcc/avr/4.5.1/../../../../avr/lib/avr4\libc.a(strnlen_P.o)
                                 0xa8 (size before relaxing)
 .stab          0x00000768       0x9c d:/program files/atmel/avr studio 5.0/avr toolchain/bin/../lib/gcc/avr/4.5.1/../../../../avr/lib/avr4\libc.a(strnlen.o)
                                 0xa8 (size before relaxing)
 .stab          0x00000804      0x480 d:/program files/atmel/avr studio 5.0/avr toolchain/bin/../lib/gcc/avr/4.5.1/../../../../avr/lib/avr4\libc.a(ultoa_invert.o)
                                0x48c (size before relaxing)

.stabstr        0x00000000      0x1b6
 *(.stabstr)
 .stabstr       0x00000000      0x1b6 d:/program files/atmel/avr studio 5.0/avr toolchain/bin/../lib/gcc/avr/4.5.1/../../../../avr/lib/avr4/crtm88p.o

.stab.excl
 *(.stab.excl)

.stab.exclstr
 *(.stab.exclstr)

.stab.index
 *(.stab.index)

.stab.indexstr
 *(.stab.indexstr)

.comment
 *(.comment)

.debug
 *(.debug)

.line
 *(.line)

.debug_srcinfo
 *(.debug_srcinfo)

.debug_sfnames
 *(.debug_sfnames)

.debug_aranges  0x00000000      0x1c0
 *(.debug_aranges)
 .debug_aranges
                0x00000000       0x20 button.o
 .debug_aranges
                0x00000020       0x20 EEPROM.o
 .debug_aranges
                0x00000040       0x20 hardware.o
 .debug_aranges
                0x00000060       0x20 I2C.o
 .debug_aranges
                0x00000080       0x20 lcd.o
 .debug_aranges
                0x000000a0       0x20 main.o
 .debug_aranges
                0x000000c0       0x20 MAX.o
 .debug_aranges
                0x000000e0       0x20 OS.o
 .debug_aranges
                0x00000100       0x20 SPI.o
 .debug_aranges
                0x00000120       0x20 timers.o
 .debug_aranges
                0x00000140       0x20 USART.o
 .debug_aranges
                0x00000160       0x20 d:/program files/atmel/avr studio 5.0/avr toolchain/bin/../lib/gcc/avr/4.5.1/../../../../avr/lib/avr4\libc.a(sprintf.o)
 .debug_aranges
                0x00000180       0x20 d:/program files/atmel/avr studio 5.0/avr toolchain/bin/../lib/gcc/avr/4.5.1/../../../../avr/lib/avr4\libc.a(vfprintf_std.o)
 .debug_aranges
                0x000001a0       0x20 d:/program files/atmel/avr studio 5.0/avr toolchain/bin/../lib/gcc/avr/4.5.1/../../../../avr/lib/avr4\libc.a(fputc.o)

.debug_pubnames
                0x00000000      0x7ca
 *(.debug_pubnames)
 .debug_pubnames
                0x00000000       0x98 button.o
 .debug_pubnames
                0x00000098       0x7d EEPROM.o
 .debug_pubnames
                0x00000115       0x6c hardware.o
 .debug_pubnames
                0x00000181       0xcc I2C.o
 .debug_pubnames
                0x0000024d       0x76 lcd.o
 .debug_pubnames
                0x000002c3      0x139 main.o
 .debug_pubnames
                0x000003fc       0x3d MAX.o
 .debug_pubnames
                0x00000439      0x109 menu.o
 .debug_pubnames
                0x00000542       0xe6 OS.o
 .debug_pubnames
                0x00000628       0x75 SPI.o
 .debug_pubnames
                0x0000069d       0x69 timers.o
 .debug_pubnames
                0x00000706       0x6b USART.o
 .debug_pubnames
                0x00000771       0x1e d:/program files/atmel/avr studio 5.0/avr toolchain/bin/../lib/gcc/avr/4.5.1/../../../../avr/lib/avr4\libc.a(sprintf.o)
 .debug_pubnames
                0x0000078f       0x1f d:/program files/atmel/avr studio 5.0/avr toolchain/bin/../lib/gcc/avr/4.5.1/../../../../avr/lib/avr4\libc.a(vfprintf_std.o)
 .debug_pubnames
                0x000007ae       0x1c d:/program files/atmel/avr studio 5.0/avr toolchain/bin/../lib/gcc/avr/4.5.1/../../../../avr/lib/avr4\libc.a(fputc.o)

.debug_info     0x00000000     0x24a8
 *(.debug_info)
 .debug_info    0x00000000      0x180 button.o
 .debug_info    0x00000180      0x1a6 EEPROM.o
 .debug_info    0x00000326       0xe0 hardware.o
 .debug_info    0x00000406      0x25a I2C.o
 .debug_info    0x00000660      0x30e lcd.o
 .debug_info    0x0000096e      0x659 main.o
 .debug_info    0x00000fc7       0xd7 MAX.o
 .debug_info    0x0000109e      0x363 menu.o
 .debug_info    0x00001401      0x556 OS.o
 .debug_info    0x00001957      0x1b9 SPI.o
 .debug_info    0x00001b10      0x1b3 timers.o
 .debug_info    0x00001cc3      0x177 USART.o
 .debug_info    0x00001e3a      0x1b7 d:/program files/atmel/avr studio 5.0/avr toolchain/bin/../lib/gcc/avr/4.5.1/../../../../avr/lib/avr4\libc.a(sprintf.o)
 .debug_info    0x00001ff1      0x350 d:/program files/atmel/avr studio 5.0/avr toolchain/bin/../lib/gcc/avr/4.5.1/../../../../avr/lib/avr4\libc.a(vfprintf_std.o)
 .debug_info    0x00002341      0x167 d:/program files/atmel/avr studio 5.0/avr toolchain/bin/../lib/gcc/avr/4.5.1/../../../../avr/lib/avr4\libc.a(fputc.o)
 *(.gnu.linkonce.wi.*)

.debug_abbrev   0x00000000      0xd9f
 *(.debug_abbrev)
 .debug_abbrev  0x00000000       0xe5 button.o
 .debug_abbrev  0x000000e5       0x8a EEPROM.o
 .debug_abbrev  0x0000016f       0x4c hardware.o
 .debug_abbrev  0x000001bb      0x134 I2C.o
 .debug_abbrev  0x000002ef      0x165 lcd.o
 .debug_abbrev  0x00000454      0x11f main.o
 .debug_abbrev  0x00000573       0x81 MAX.o
 .debug_abbrev  0x000005f4       0xa9 menu.o
 .debug_abbrev  0x0000069d      0x145 OS.o
 .debug_abbrev  0x000007e2      0x100 SPI.o
 .debug_abbrev  0x000008e2       0xe6 timers.o
 .debug_abbrev  0x000009c8       0xa2 USART.o
 .debug_abbrev  0x00000a6a       0xfd d:/program files/atmel/avr studio 5.0/avr toolchain/bin/../lib/gcc/avr/4.5.1/../../../../avr/lib/avr4\libc.a(sprintf.o)
 .debug_abbrev  0x00000b67      0x15f d:/program files/atmel/avr studio 5.0/avr toolchain/bin/../lib/gcc/avr/4.5.1/../../../../avr/lib/avr4\libc.a(vfprintf_std.o)
 .debug_abbrev  0x00000cc6       0xd9 d:/program files/atmel/avr studio 5.0/avr toolchain/bin/../lib/gcc/avr/4.5.1/../../../../avr/lib/avr4\libc.a(fputc.o)

.debug_line     0x00000000     0x25a2
 *(.debug_line)
 .debug_line    0x00000000      0x278 button.o
 .debug_line    0x00000278      0x1eb EEPROM.o
 .debug_line    0x00000463      0x152 hardware.o
 .debug_line    0x000005b5      0x21b I2C.o
 .debug_line    0x000007d0      0x3ed lcd.o
 .debug_line    0x00000bbd      0x58a main.o
 .debug_line    0x00001147      0x125 MAX.o
 .debug_line    0x0000126c       0xce menu.o
 .debug_line    0x0000133a      0x423 OS.o
 .debug_line    0x0000175d      0x1c3 SPI.o
 .debug_line    0x00001920      0x1a0 timers.o
 .debug_line    0x00001ac0      0x19f USART.o
 .debug_line    0x00001c5f      0x1af d:/program files/atmel/avr studio 5.0/avr toolchain/bin/../lib/gcc/avr/4.5.1/../../../../avr/lib/avr4\libc.a(sprintf.o)
 .debug_line    0x00001e0e      0x64d d:/program files/atmel/avr studio 5.0/avr toolchain/bin/../lib/gcc/avr/4.5.1/../../../../avr/lib/avr4\libc.a(vfprintf_std.o)
 .debug_line    0x0000245b      0x147 d:/program files/atmel/avr studio 5.0/avr toolchain/bin/../lib/gcc/avr/4.5.1/../../../../avr/lib/avr4\libc.a(fputc.o)

.debug_frame    0x00000000      0x580
 *(.debug_frame)
 .debug_frame   0x00000000       0x60 button.o
 .debug_frame   0x00000060       0x50 EEPROM.o
 .debug_frame   0x000000b0       0x60 hardware.o
 .debug_frame   0x00000110       0xa0 I2C.o
 .debug_frame   0x000001b0       0xe0 lcd.o
 .debug_frame   0x00000290       0xc0 main.o
 .debug_frame   0x00000350       0x40 MAX.o
 .debug_frame   0x00000390       0x80 OS.o
 .debug_frame   0x00000410       0x50 SPI.o
 .debug_frame   0x00000460       0x60 timers.o
 .debug_frame   0x000004c0       0x60 USART.o
 .debug_frame   0x00000520       0x20 d:/program files/atmel/avr studio 5.0/avr toolchain/bin/../lib/gcc/avr/4.5.1/../../../../avr/lib/avr4\libc.a(sprintf.o)
 .debug_frame   0x00000540       0x20 d:/program files/atmel/avr studio 5.0/avr toolchain/bin/../lib/gcc/avr/4.5.1/../../../../avr/lib/avr4\libc.a(vfprintf_std.o)
 .debug_frame   0x00000560       0x20 d:/program files/atmel/avr studio 5.0/avr toolchain/bin/../lib/gcc/avr/4.5.1/../../../../avr/lib/avr4\libc.a(fputc.o)

.debug_str      0x00000000      0x945
 *(.debug_str)
 .debug_str     0x00000000      0x127 button.o
                                0x160 (size before relaxing)
 .debug_str     0x00000127       0x75 EEPROM.o
                                0x112 (size before relaxing)
 .debug_str     0x0000019c       0x56 hardware.o
                                0x12f (size before relaxing)
 .debug_str     0x000001f2       0xa5 I2C.o
                                0x18d (size before relaxing)
 .debug_str     0x00000297       0xe7 lcd.o
                                0x1ca (size before relaxing)
 .debug_str     0x0000037e      0x162 main.o
                                0x24f (size before relaxing)
 .debug_str     0x000004e0       0x2a MAX.o
                                0x109 (size before relaxing)
 .debug_str     0x0000050a       0xcc menu.o
                                0x1ef (size before relaxing)
 .debug_str     0x000005d6       0xe5 OS.o
                                0x25e (size before relaxing)
 .debug_str     0x000006bb       0x48 SPI.o
                                0x142 (size before relaxing)
 .debug_str     0x00000703       0x5d timers.o
                                0x14a (size before relaxing)
 .debug_str     0x00000760       0x5a USART.o
                                0x159 (size before relaxing)
 .debug_str     0x000007ba       0x91 d:/program files/atmel/avr studio 5.0/avr toolchain/bin/../lib/gcc/avr/4.5.1/../../../../avr/lib/avr4\libc.a(sprintf.o)
                                0x121 (size before relaxing)
 .debug_str     0x0000084b       0xa4 d:/program files/atmel/avr studio 5.0/avr toolchain/bin/../lib/gcc/avr/4.5.1/../../../../avr/lib/avr4\libc.a(vfprintf_std.o)
                                0x177 (size before relaxing)
 .debug_str     0x000008ef       0x56 d:/program files/atmel/avr studio 5.0/avr toolchain/bin/../lib/gcc/avr/4.5.1/../../../../avr/lib/avr4\libc.a(fputc.o)
                                 0xfb (size before relaxing)

.debug_loc      0x00000000      0x6f1
 *(.debug_loc)
 .debug_loc     0x00000000      0x6a1 d:/program files/atmel/avr studio 5.0/avr toolchain/bin/../lib/gcc/avr/4.5.1/../../../../avr/lib/avr4\libc.a(vfprintf_std.o)
 .debug_loc     0x000006a1       0x50 d:/program files/atmel/avr studio 5.0/avr toolchain/bin/../lib/gcc/avr/4.5.1/../../../../avr/lib/avr4\libc.a(fputc.o)

.debug_macinfo
 *(.debug_macinfo)
OUTPUT(Projet_reflow_oven.elf elf32-avr)
LOAD linker stubs

.debug_pubtypes
                0x00000000      0x2b2
 .debug_pubtypes
                0x00000000       0x1e button.o
 .debug_pubtypes
                0x0000001e       0x1e hardware.o
 .debug_pubtypes
                0x0000003c       0x1e I2C.o
 .debug_pubtypes
                0x0000005a       0x2b lcd.o
 .debug_pubtypes
                0x00000085       0x2b main.o
 .debug_pubtypes
                0x000000b0       0x1f MAX.o
 .debug_pubtypes
                0x000000cf       0x42 menu.o
 .debug_pubtypes
                0x00000111       0x69 OS.o
 .debug_pubtypes
                0x0000017a       0x2b SPI.o
 .debug_pubtypes
                0x000001a5       0x1e timers.o
 .debug_pubtypes
                0x000001c3       0x2b USART.o
 .debug_pubtypes
                0x000001ee       0x48 d:/program files/atmel/avr studio 5.0/avr toolchain/bin/../lib/gcc/avr/4.5.1/../../../../avr/lib/avr4\libc.a(sprintf.o)
 .debug_pubtypes
                0x00000236       0x53 d:/program files/atmel/avr studio 5.0/avr toolchain/bin/../lib/gcc/avr/4.5.1/../../../../avr/lib/avr4\libc.a(vfprintf_std.o)
 .debug_pubtypes
                0x00000289       0x29 d:/program files/atmel/avr studio 5.0/avr toolchain/bin/../lib/gcc/avr/4.5.1/../../../../avr/lib/avr4\libc.a(fputc.o)

.debug_ranges   0x00000000       0x48
 .debug_ranges  0x00000000       0x10 d:/program files/atmel/avr studio 5.0/avr toolchain/bin/../lib/gcc/avr/4.5.1/../../../../avr/lib/avr4\libc.a(sprintf.o)
 .debug_ranges  0x00000010       0x28 d:/program files/atmel/avr studio 5.0/avr toolchain/bin/../lib/gcc/avr/4.5.1/../../../../avr/lib/avr4\libc.a(vfprintf_std.o)
 .debug_ranges  0x00000038       0x10 d:/program files/atmel/avr studio 5.0/avr toolchain/bin/../lib/gcc/avr/4.5.1/../../../../avr/lib/avr4\libc.a(fputc.o)
