Archive member included because of file (symbol)

d:/program files/atmel/avr studio 5.0/avr toolchain/bin/../lib/gcc/avr/4.5.1/avr4\libgcc.a(_exit.o)
                              d:/program files/atmel/avr studio 5.0/avr toolchain/bin/../lib/gcc/avr/4.5.1/../../../../avr/lib/avr4/crtm88p.o (exit)
d:/program files/atmel/avr studio 5.0/avr toolchain/bin/../lib/gcc/avr/4.5.1/avr4\libgcc.a(_copy_data.o)
                              EEPROM.o (__do_copy_data)
d:/program files/atmel/avr studio 5.0/avr toolchain/bin/../lib/gcc/avr/4.5.1/avr4\libgcc.a(_clear_bss.o)
                              button.o (__do_clear_bss)
d:/program files/atmel/avr studio 5.0/avr toolchain/bin/../lib/gcc/avr/4.5.1/../../../../avr/lib/avr4\libc.a(malloc.o)
                              EEPROM.o (malloc)
d:/program files/atmel/avr studio 5.0/avr toolchain/bin/../lib/gcc/avr/4.5.1/../../../../avr/lib/avr4\libc.a(sprintf.o)
                              main.o (sprintf)
d:/program files/atmel/avr studio 5.0/avr toolchain/bin/../lib/gcc/avr/4.5.1/../../../../avr/lib/avr4\libc.a(vfprintf_std.o)
                              d:/program files/atmel/avr studio 5.0/avr toolchain/bin/../lib/gcc/avr/4.5.1/../../../../avr/lib/avr4\libc.a(sprintf.o) (vfprintf)
d:/program files/atmel/avr studio 5.0/avr toolchain/bin/../lib/gcc/avr/4.5.1/../../../../avr/lib/avr4\libc.a(strnlen_P.o)
                              d:/program files/atmel/avr studio 5.0/avr toolchain/bin/../lib/gcc/avr/4.5.1/../../../../avr/lib/avr4\libc.a(vfprintf_std.o) (strnlen_P)
d:/program files/atmel/avr studio 5.0/avr toolchain/bin/../lib/gcc/avr/4.5.1/../../../../avr/lib/avr4\libc.a(strnlen.o)
                              d:/program files/atmel/avr studio 5.0/avr toolchain/bin/../lib/gcc/avr/4.5.1/../../../../avr/lib/avr4\libc.a(vfprintf_std.o) (strnlen)
d:/program files/atmel/avr studio 5.0/avr toolchain/bin/../lib/gcc/avr/4.5.1/../../../../avr/lib/avr4\libc.a(fputc.o)
                              d:/program files/atmel/avr studio 5.0/avr toolchain/bin/../lib/gcc/avr/4.5.1/../../../../avr/lib/avr4\libc.a(vfprintf_std.o) (fputc)
d:/program files/atmel/avr studio 5.0/avr toolchain/bin/../lib/gcc/avr/4.5.1/../../../../avr/lib/avr4\libc.a(ultoa_invert.o)
                              d:/program files/atmel/avr studio 5.0/avr toolchain/bin/../lib/gcc/avr/4.5.1/../../../../avr/lib/avr4\libc.a(vfprintf_std.o) (__ultoa_invert)
d:/program files/atmel/avr studio 5.0/avr toolchain/bin/../lib/gcc/avr/4.5.1/avr4\libgcc.a(_prologue.o)
                              d:/program files/atmel/avr studio 5.0/avr toolchain/bin/../lib/gcc/avr/4.5.1/../../../../avr/lib/avr4\libc.a(sprintf.o) (__prologue_saves__)
d:/program files/atmel/avr studio 5.0/avr toolchain/bin/../lib/gcc/avr/4.5.1/avr4\libgcc.a(_epilogue.o)
                              d:/program files/atmel/avr studio 5.0/avr toolchain/bin/../lib/gcc/avr/4.5.1/../../../../avr/lib/avr4\libc.a(sprintf.o) (__epilogue_restores__)

Allocating common symbols
Common symbol       size              file

TIMER_CB_TICK       0x14              OS.o
I2C_statusCode      0x1               I2C.o
I2C_function        0x2               I2C.o
OS_CURRENT_STATE    0x1               OS.o
__brkval            0x2               d:/program files/atmel/avr studio 5.0/avr toolchain/bin/../lib/gcc/avr/4.5.1/../../../../avr/lib/avr4\libc.a(malloc.o)
pointer             0x2               EEPROM.o
buffer              0x2               EEPROM.o
TIMER_CB_TIME       0x14              OS.o
pageWidth           0x2               EEPROM.o
TIMER_CB_FUNC       0x14              OS.o
SLA                 0x1               I2C.o
__flp               0x2               d:/program files/atmel/avr studio 5.0/avr toolchain/bin/../lib/gcc/avr/4.5.1/../../../../avr/lib/avr4\libc.a(malloc.o)

Memory Configuration

Name             Origin             Length             Attributes
text             0x00000000         0x00002000         xr
data             0x00800060         0x0000ffa0         rw !x
eeprom           0x00810000         0x00010000         rw !x
fuse             0x00820000         0x00000400         rw !x
lock             0x00830000         0x00000400         rw !x
signature        0x00840000         0x00000400         rw !x
*default*        0x00000000         0xffffffff

Linker script and memory map

Address of section .data set to 0x800100
LOAD d:/program files/atmel/avr studio 5.0/avr toolchain/bin/../lib/gcc/avr/4.5.1/../../../../avr/lib/avr4/crtm88p.o
LOAD button.o
LOAD EEPROM.o
LOAD hardware.o
LOAD I2C.o
LOAD lcd.o
LOAD main.o
LOAD MAX.o
LOAD menu.o
LOAD OS.o
LOAD RTC.o
LOAD SPI.o
LOAD timers.o
LOAD USART.o
LOAD d:/program files/atmel/avr studio 5.0/avr toolchain/bin/../lib/gcc/avr/4.5.1/avr4\libgcc.a
LOAD d:/program files/atmel/avr studio 5.0/avr toolchain/bin/../lib/gcc/avr/4.5.1/../../../../avr/lib/avr4\libc.a
LOAD d:/program files/atmel/avr studio 5.0/avr toolchain/bin/../lib/gcc/avr/4.5.1/avr4\libgcc.a

.hash
 *(.hash)

.dynsym
 *(.dynsym)

.dynstr
 *(.dynstr)

.gnu.version
 *(.gnu.version)

.gnu.version_d
 *(.gnu.version_d)

.gnu.version_r
 *(.gnu.version_r)

.rel.init
 *(.rel.init)

.rela.init
 *(.rela.init)

.rel.text
 *(.rel.text)
 *(.rel.text.*)
 *(.rel.gnu.linkonce.t*)

.rela.text
 *(.rela.text)
 *(.rela.text.*)
 *(.rela.gnu.linkonce.t*)

.rel.fini
 *(.rel.fini)

.rela.fini
 *(.rela.fini)

.rel.rodata
 *(.rel.rodata)
 *(.rel.rodata.*)
 *(.rel.gnu.linkonce.r*)

.rela.rodata
 *(.rela.rodata)
 *(.rela.rodata.*)
 *(.rela.gnu.linkonce.r*)

.rel.data
 *(.rel.data)
 *(.rel.data.*)
 *(.rel.gnu.linkonce.d*)

.rela.data
 *(.rela.data)
 *(.rela.data.*)
 *(.rela.gnu.linkonce.d*)

.rel.ctors
 *(.rel.ctors)

.rela.ctors
 *(.rela.ctors)

.rel.dtors
 *(.rel.dtors)

.rela.dtors
 *(.rela.dtors)

.rel.got
 *(.rel.got)

.rela.got
 *(.rela.got)

.rel.bss
 *(.rel.bss)

.rela.bss
 *(.rela.bss)

.rel.plt
 *(.rel.plt)

.rela.plt
 *(.rela.plt)

.text           0x00000000     0x1c7a
 *(.vectors)
 .vectors       0x00000000       0x34 d:/program files/atmel/avr studio 5.0/avr toolchain/bin/../lib/gcc/avr/4.5.1/../../../../avr/lib/avr4/crtm88p.o
                0x00000000                __vector_default
                0x00000000                __vectors
 *(.vectors)
 *(.progmem.gcc*)
 *(.progmem*)
 .progmem.data  0x00000034        0x7 main.o
 .progmem.data  0x0000003b       0xf5 menu.o
                0x0000003b                ST_WELCOME_TXT
                0x00000045                ST_TEMP_PTS_TXT
                0x0000004f                ST_PROFILES_TXT
                0x00000059                ST_PROFILES_SAVE_TXT
                0x00000060                ST_PROFILES_LOAD_TXT
                0x00000067                ST_RUN_TXT
                0x0000006b                ST_MANUAL_TXT
                0x00000074                ST_MANUAL_TEMP_TXT
                0x00000079                ST_MANUAL_CMD_TXT
                0x00000083                ST_MANUAL_SET_CMD_TXT
                0x00000090                Menu_State
                0x000000c7                Menu_Nextstate
                0x00000130                . = ALIGN (0x2)
                0x00000130                __trampolines_start = .
 *(.trampolines)
 .trampolines   0x00000130        0x0 linker stubs
 *(.trampolines*)
                0x00000130                __trampolines_end = .
 *(.jumptables)
 *(.jumptables*)
 *(.lowtext)
 *(.lowtext*)
                0x00000130                __ctors_start = .
 *(.ctors)
                0x00000130                __ctors_end = .
                0x00000130                __dtors_start = .
 *(.dtors)
                0x00000130                __dtors_end = .
 SORT(*)(.ctors)
 SORT(*)(.dtors)
 *(.init0)
 .init0         0x00000130        0x0 d:/program files/atmel/avr studio 5.0/avr toolchain/bin/../lib/gcc/avr/4.5.1/../../../../avr/lib/avr4/crtm88p.o
                0x00000130                __init
 *(.init0)
 *(.init1)
 *(.init1)
 *(.init2)
 .init2         0x00000130        0xc d:/program files/atmel/avr studio 5.0/avr toolchain/bin/../lib/gcc/avr/4.5.1/../../../../avr/lib/avr4/crtm88p.o
 *(.init2)
 *(.init3)
 *(.init3)
 *(.init4)
 .init4         0x0000013c       0x16 d:/program files/atmel/avr studio 5.0/avr toolchain/bin/../lib/gcc/avr/4.5.1/avr4\libgcc.a(_copy_data.o)
                0x0000013c                __do_copy_data
 .init4         0x00000152       0x10 d:/program files/atmel/avr studio 5.0/avr toolchain/bin/../lib/gcc/avr/4.5.1/avr4\libgcc.a(_clear_bss.o)
                0x00000152                __do_clear_bss
 *(.init4)
 *(.init5)
 *(.init5)
 *(.init6)
 *(.init6)
 *(.init7)
 *(.init7)
 *(.init8)
 *(.init8)
 *(.init9)
 .init9         0x00000162        0x4 d:/program files/atmel/avr studio 5.0/avr toolchain/bin/../lib/gcc/avr/4.5.1/../../../../avr/lib/avr4/crtm88p.o
 *(.init9)
 *(.text)
 .text          0x00000166        0x2 d:/program files/atmel/avr studio 5.0/avr toolchain/bin/../lib/gcc/avr/4.5.1/../../../../avr/lib/avr4/crtm88p.o
                0x00000166                __vector_22
                0x00000166                __vector_1
                0x00000166                __vector_12
                0x00000166                __bad_interrupt
                0x00000166                __vector_6
                0x00000166                __vector_23
                0x00000166                __vector_25
                0x00000166                __vector_11
                0x00000166                __vector_13
                0x00000166                __vector_19
                0x00000166                __vector_4
                0x00000166                __vector_9
                0x00000166                __vector_2
                0x00000166                __vector_21
                0x00000166                __vector_15
                0x00000166                __vector_8
                0x00000166                __vector_14
                0x00000166                __vector_10
                0x00000166                __vector_16
                0x00000166                __vector_18
                0x00000166                __vector_20
 .text          0x00000168      0x178 button.o
                0x00000168                read_key
                0x000001d0                KEYBOARD_init
                0x0000020a                __vector_5
                0x00000270                __vector_3
                0x000002d6                KEYBOARD_getKey
 .text          0x000002e0      0x3ce EEPROM.o
                0x000002e0                erasePage
                0x00000372                writePage
                0x0000041e                readPage
                0x0000053e                EEPROM_readPage
                0x000005b2                EEPROM_writePage
                0x0000063e                EEPROM_erasePage
 .text          0x000006ae       0x16 hardware.o
                0x000006ae                hardware_init
                0x000006b0                statusLed_init
                0x000006b6                statusLedOn
                0x000006ba                statusLedOff
                0x000006be                statusLedToggle
 .text          0x000006c4      0x12c I2C.o
                0x000006c4                I2C_init
                0x000006e6                I2C_enableACK
                0x000006f2                I2C_disableACK
                0x000006fe                I2C_setAddress
                0x00000704                I2C_setFunction
                0x0000070e                I2C_start
                0x00000720                I2C_stop
                0x00000732                I2C_send
                0x00000748                I2C_receive
                0x0000075e                I2C_sendSLAW
                0x0000077a                I2C_sendSLAR
                0x00000798                __vector_24
 .text          0x000007f0      0x15e lcd.o
                0x00000884                lcd_command
                0x00000894                lcd_gotoxy
                0x000008a2                lcd_clrscr
                0x000008a8                lcd_putc
                0x000008cc                lcd_puts
                0x000008e2                lcd_puts_p
                0x000008fc                lcd_init
 .text          0x0000094e      0x502 main.o
                0x0000094e                main
                0x00000a94                st_welcome
                0x00000b96                st_temp_pts
                0x00000bae                st_profiles
                0x00000bc6                st_profiles_save
                0x00000bde                st_profiles_load
                0x00000bf6                st_run
                0x00000c0e                st_manual
                0x00000c26                st_manual_temp
                0x00000c3e                st_manual_cmd
                0x00000cb4                st_manual_set_cmd
 .text          0x00000e50       0x28 MAX.o
                0x00000e50                MAX_init
                0x00000e56                MAX_start
                0x00000e5a                MAX_getTemp
 .text          0x00000e78        0x0 menu.o
 .text          0x00000e78      0x29c OS.o
                0x00000e78                OS_init
                0x00000eac                OS_stateMachine
                0x00000ee8                OS_start
                0x00001010                OS_addTimerCallback
                0x00001064                OS_removeTimerCallback
                0x0000108c                OS_updateCallbackTime
                0x0000109e                __vector_7
 .text          0x00001114        0x0 RTC.o
 .text          0x00001114      0x16a SPI.o
                0x00001114                SPI_init
                0x00001144                SPI_start
                0x00001162                SPI_getFrame
                0x00001174                __vector_17
 .text          0x0000127e      0x120 timers.o
                0x0000127e                CB_TIMER_Init_1ms
                0x000012a4                PWM_Init
                0x000012b0                PWM_setDutyCycle
                0x000012b4                PWM_enable
                0x0000131e                PWM_disable
 .text          0x0000139e       0xd4 USART.o
                0x0000139e                RS232_init
                0x000013ca                RS232_sendByte
                0x000013d8                RS232_print
                0x000013fe                RS232_println
                0x0000142a                RS232_sendBuffer
                0x0000145c                RS232_println_debug
 .text          0x00001472        0x0 d:/program files/atmel/avr studio 5.0/avr toolchain/bin/../lib/gcc/avr/4.5.1/avr4\libgcc.a(_exit.o)
 .text          0x00001472        0x0 d:/program files/atmel/avr studio 5.0/avr toolchain/bin/../lib/gcc/avr/4.5.1/avr4\libgcc.a(_copy_data.o)
 .text          0x00001472        0x0 d:/program files/atmel/avr studio 5.0/avr toolchain/bin/../lib/gcc/avr/4.5.1/avr4\libgcc.a(_clear_bss.o)
 .text          0x00001472        0x0 d:/program files/atmel/avr studio 5.0/avr toolchain/bin/../lib/gcc/avr/4.5.1/../../../../avr/lib/avr4\libc.a(malloc.o)
 .text          0x00001472        0x0 d:/program files/atmel/avr studio 5.0/avr toolchain/bin/../lib/gcc/avr/4.5.1/../../../../avr/lib/avr4\libc.a(sprintf.o)
 .text          0x00001472        0x0 d:/program files/atmel/avr studio 5.0/avr toolchain/bin/../lib/gcc/avr/4.5.1/../../../../avr/lib/avr4\libc.a(vfprintf_std.o)
 .text          0x00001472        0x0 d:/program files/atmel/avr studio 5.0/avr toolchain/bin/../lib/gcc/avr/4.5.1/../../../../avr/lib/avr4\libc.a(strnlen_P.o)
 .text          0x00001472        0x0 d:/program files/atmel/avr studio 5.0/avr toolchain/bin/../lib/gcc/avr/4.5.1/../../../../avr/lib/avr4\libc.a(strnlen.o)
 .text          0x00001472        0x0 d:/program files/atmel/avr studio 5.0/avr toolchain/bin/../lib/gcc/avr/4.5.1/../../../../avr/lib/avr4\libc.a(fputc.o)
 .text          0x00001472        0x0 d:/program files/atmel/avr studio 5.0/avr toolchain/bin/../lib/gcc/avr/4.5.1/../../../../avr/lib/avr4\libc.a(ultoa_invert.o)
 .text          0x00001472        0x0 d:/program files/atmel/avr studio 5.0/avr toolchain/bin/../lib/gcc/avr/4.5.1/avr4\libgcc.a(_prologue.o)
 .text          0x00001472        0x0 d:/program files/atmel/avr studio 5.0/avr toolchain/bin/../lib/gcc/avr/4.5.1/avr4\libgcc.a(_epilogue.o)
                0x00001472                . = ALIGN (0x2)
 *(.text.*)
 .text.libgcc   0x00001472        0x0 d:/program files/atmel/avr studio 5.0/avr toolchain/bin/../lib/gcc/avr/4.5.1/avr4\libgcc.a(_exit.o)
 .text.libgcc   0x00001472        0x0 d:/program files/atmel/avr studio 5.0/avr toolchain/bin/../lib/gcc/avr/4.5.1/avr4\libgcc.a(_copy_data.o)
 .text.libgcc   0x00001472        0x0 d:/program files/atmel/avr studio 5.0/avr toolchain/bin/../lib/gcc/avr/4.5.1/avr4\libgcc.a(_clear_bss.o)
 .text.avr-libc
                0x00001472      0x266 d:/program files/atmel/avr studio 5.0/avr toolchain/bin/../lib/gcc/avr/4.5.1/../../../../avr/lib/avr4\libc.a(malloc.o)
                0x00001472                malloc
                0x000015a6                free
 .text.avr-libc
                0x000016d8       0x40 d:/program files/atmel/avr studio 5.0/avr toolchain/bin/../lib/gcc/avr/4.5.1/../../../../avr/lib/avr4\libc.a(sprintf.o)
                0x000016d8                sprintf
 .text.avr-libc
                0x00001718      0x3b0 d:/program files/atmel/avr studio 5.0/avr toolchain/bin/../lib/gcc/avr/4.5.1/../../../../avr/lib/avr4\libc.a(vfprintf_std.o)
                0x00001718                vfprintf
 .text.avr-libc
                0x00001ac8       0x16 d:/program files/atmel/avr studio 5.0/avr toolchain/bin/../lib/gcc/avr/4.5.1/../../../../avr/lib/avr4\libc.a(strnlen_P.o)
                0x00001ac8                strnlen_P
 .text.avr-libc
                0x00001ade       0x16 d:/program files/atmel/avr studio 5.0/avr toolchain/bin/../lib/gcc/avr/4.5.1/../../../../avr/lib/avr4\libc.a(strnlen.o)
                0x00001ade                strnlen
 .text.avr-libc
                0x00001af4       0x58 d:/program files/atmel/avr studio 5.0/avr toolchain/bin/../lib/gcc/avr/4.5.1/../../../../avr/lib/avr4\libc.a(fputc.o)
                0x00001af4                fputc
 .text.avr-libc
                0x00001b4c       0xbc d:/program files/atmel/avr studio 5.0/avr toolchain/bin/../lib/gcc/avr/4.5.1/../../../../avr/lib/avr4\libc.a(ultoa_invert.o)
                0x00001b4c                __ultoa_invert
 .text.libgcc   0x00001c08       0x38 d:/program files/atmel/avr studio 5.0/avr toolchain/bin/../lib/gcc/avr/4.5.1/avr4\libgcc.a(_prologue.o)
                0x00001c08                __prologue_saves__
 .text.libgcc   0x00001c40       0x36 d:/program files/atmel/avr studio 5.0/avr toolchain/bin/../lib/gcc/avr/4.5.1/avr4\libgcc.a(_epilogue.o)
                0x00001c40                __epilogue_restores__
                0x00001c76                . = ALIGN (0x2)
 *(.fini9)
 .fini9         0x00001c76        0x0 d:/program files/atmel/avr studio 5.0/avr toolchain/bin/../lib/gcc/avr/4.5.1/avr4\libgcc.a(_exit.o)
                0x00001c76                _exit
                0x00001c76                exit
 *(.fini9)
 *(.fini8)
 *(.fini8)
 *(.fini7)
 *(.fini7)
 *(.fini6)
 *(.fini6)
 *(.fini5)
 *(.fini5)
 *(.fini4)
 *(.fini4)
 *(.fini3)
 *(.fini3)
 *(.fini2)
 *(.fini2)
 *(.fini1)
 *(.fini1)
 *(.fini0)
 .fini0         0x00001c76        0x4 d:/program files/atmel/avr studio 5.0/avr toolchain/bin/../lib/gcc/avr/4.5.1/avr4\libgcc.a(_exit.o)
 *(.fini0)
                0x00001c7a                _etext = .

.data           0x00800100       0x9a load address 0x00001c7a
                0x00800100                PROVIDE (__data_start, .)
 *(.data)
 .data          0x00800100        0x0 d:/program files/atmel/avr studio 5.0/avr toolchain/bin/../lib/gcc/avr/4.5.1/../../../../avr/lib/avr4/crtm88p.o
 .data          0x00800100        0x0 button.o
 .data          0x00800100       0x1f EEPROM.o
 .data          0x0080011f        0x0 hardware.o
 .data          0x0080011f        0x0 I2C.o
 .data          0x0080011f        0x0 lcd.o
 .data          0x0080011f       0x45 main.o
                0x00800157                blinkPeriod
                0x00800159                PWM_DC
 .data          0x00800164        0x0 MAX.o
 .data          0x00800164        0x0 menu.o
 .data          0x00800164        0x0 OS.o
 .data          0x00800164        0x0 RTC.o
 .data          0x00800164        0x5 SPI.o
                0x00800168                nbits
 .data          0x00800169       0x1e timers.o
 .data          0x00800187        0xc USART.o
 .data          0x00800193        0x0 d:/program files/atmel/avr studio 5.0/avr toolchain/bin/../lib/gcc/avr/4.5.1/avr4\libgcc.a(_exit.o)
 .data          0x00800193        0x0 d:/program files/atmel/avr studio 5.0/avr toolchain/bin/../lib/gcc/avr/4.5.1/avr4\libgcc.a(_copy_data.o)
 .data          0x00800193        0x0 d:/program files/atmel/avr studio 5.0/avr toolchain/bin/../lib/gcc/avr/4.5.1/avr4\libgcc.a(_clear_bss.o)
 .data          0x00800193        0x6 d:/program files/atmel/avr studio 5.0/avr toolchain/bin/../lib/gcc/avr/4.5.1/../../../../avr/lib/avr4\libc.a(malloc.o)
                0x00800193                __malloc_margin
                0x00800195                __malloc_heap_start
                0x00800197                __malloc_heap_end
 .data          0x00800199        0x0 d:/program files/atmel/avr studio 5.0/avr toolchain/bin/../lib/gcc/avr/4.5.1/../../../../avr/lib/avr4\libc.a(sprintf.o)
 .data          0x00800199        0x0 d:/program files/atmel/avr studio 5.0/avr toolchain/bin/../lib/gcc/avr/4.5.1/../../../../avr/lib/avr4\libc.a(vfprintf_std.o)
 .data          0x00800199        0x0 d:/program files/atmel/avr studio 5.0/avr toolchain/bin/../lib/gcc/avr/4.5.1/../../../../avr/lib/avr4\libc.a(strnlen_P.o)
 .data          0x00800199        0x0 d:/program files/atmel/avr studio 5.0/avr toolchain/bin/../lib/gcc/avr/4.5.1/../../../../avr/lib/avr4\libc.a(strnlen.o)
 .data          0x00800199        0x0 d:/program files/atmel/avr studio 5.0/avr toolchain/bin/../lib/gcc/avr/4.5.1/../../../../avr/lib/avr4\libc.a(fputc.o)
 .data          0x00800199        0x0 d:/program files/atmel/avr studio 5.0/avr toolchain/bin/../lib/gcc/avr/4.5.1/../../../../avr/lib/avr4\libc.a(ultoa_invert.o)
 .data          0x00800199        0x0 d:/program files/atmel/avr studio 5.0/avr toolchain/bin/../lib/gcc/avr/4.5.1/avr4\libgcc.a(_prologue.o)
 .data          0x00800199        0x0 d:/program files/atmel/avr studio 5.0/avr toolchain/bin/../lib/gcc/avr/4.5.1/avr4\libgcc.a(_epilogue.o)
 *(.data*)
 *(.rodata)
 *(.rodata*)
 *(.gnu.linkonce.d*)
                0x0080019a                . = ALIGN (0x2)
 *fill*         0x00800199        0x1 00
                0x0080019a                _edata = .
                0x0080019a                PROVIDE (__data_end, .)

.bss            0x0080019a       0x69
                0x0080019a                PROVIDE (__bss_start, .)
 *(.bss)
 .bss           0x0080019a        0x0 d:/program files/atmel/avr studio 5.0/avr toolchain/bin/../lib/gcc/avr/4.5.1/../../../../avr/lib/avr4/crtm88p.o
 .bss           0x0080019a        0x3 button.o
                0x0080019a                KEY
                0x0080019b                CBID_ReadKey
                0x0080019c                CBID_KEYDOWN_simulation
 .bss           0x0080019d        0x6 EEPROM.o
 .bss           0x008001a3        0x0 hardware.o
 .bss           0x008001a3        0x1 I2C.o
                0x008001a3                I2C_isSending
 .bss           0x008001a4        0x0 lcd.o
 .bss           0x008001a4        0xd main.o
                0x008001a4                CBID_TglLed
                0x008001a5                CBID_delay
                0x008001a6                CBID_AcqSpi
                0x008001a7                CBID_RefreshLCD
                0x008001a8                pwmDCpourMille
 .bss           0x008001b1        0x0 MAX.o
 .bss           0x008001b1        0x0 menu.o
 .bss           0x008001b1        0x0 OS.o
 .bss           0x008001b1        0x0 RTC.o
 .bss           0x008001b1        0x7 SPI.o
                0x008001b1                frame
                0x008001b5                count
                0x008001b6                temp
 .bss           0x008001b8        0x0 timers.o
 .bss           0x008001b8        0x0 USART.o
 .bss           0x008001b8        0x0 d:/program files/atmel/avr studio 5.0/avr toolchain/bin/../lib/gcc/avr/4.5.1/avr4\libgcc.a(_exit.o)
 .bss           0x008001b8        0x0 d:/program files/atmel/avr studio 5.0/avr toolchain/bin/../lib/gcc/avr/4.5.1/avr4\libgcc.a(_copy_data.o)
 .bss           0x008001b8        0x0 d:/program files/atmel/avr studio 5.0/avr toolchain/bin/../lib/gcc/avr/4.5.1/avr4\libgcc.a(_clear_bss.o)
 .bss           0x008001b8        0x0 d:/program files/atmel/avr studio 5.0/avr toolchain/bin/../lib/gcc/avr/4.5.1/../../../../avr/lib/avr4\libc.a(malloc.o)
 .bss           0x008001b8        0x0 d:/program files/atmel/avr studio 5.0/avr toolchain/bin/../lib/gcc/avr/4.5.1/../../../../avr/lib/avr4\libc.a(sprintf.o)
 .bss           0x008001b8        0x0 d:/program files/atmel/avr studio 5.0/avr toolchain/bin/../lib/gcc/avr/4.5.1/../../../../avr/lib/avr4\libc.a(vfprintf_std.o)
 .bss           0x008001b8        0x0 d:/program files/atmel/avr studio 5.0/avr toolchain/bin/../lib/gcc/avr/4.5.1/../../../../avr/lib/avr4\libc.a(strnlen_P.o)
 .bss           0x008001b8        0x0 d:/program files/atmel/avr studio 5.0/avr toolchain/bin/../lib/gcc/avr/4.5.1/../../../../avr/lib/avr4\libc.a(strnlen.o)
 .bss           0x008001b8        0x0 d:/program files/atmel/avr studio 5.0/avr toolchain/bin/../lib/gcc/avr/4.5.1/../../../../avr/lib/avr4\libc.a(fputc.o)
 .bss           0x008001b8        0x0 d:/program files/atmel/avr studio 5.0/avr toolchain/bin/../lib/gcc/avr/4.5.1/../../../../avr/lib/avr4\libc.a(ultoa_invert.o)
 .bss           0x008001b8        0x0 d:/program files/atmel/avr studio 5.0/avr toolchain/bin/../lib/gcc/avr/4.5.1/avr4\libgcc.a(_prologue.o)
 .bss           0x008001b8        0x0 d:/program files/atmel/avr studio 5.0/avr toolchain/bin/../lib/gcc/avr/4.5.1/avr4\libgcc.a(_epilogue.o)
 *(.bss*)
 *(COMMON)
 COMMON         0x008001b8        0x6 EEPROM.o
                0x008001b8                pointer
                0x008001ba                buffer
                0x008001bc                pageWidth
 COMMON         0x008001be        0x4 I2C.o
                0x008001be                I2C_statusCode
                0x008001bf                I2C_function
                0x008001c1                SLA
 COMMON         0x008001c2       0x3d OS.o
                0x008001c2                TIMER_CB_TICK
                0x008001d6                OS_CURRENT_STATE
                0x008001d7                TIMER_CB_TIME
                0x008001eb                TIMER_CB_FUNC
 COMMON         0x008001ff        0x4 d:/program files/atmel/avr studio 5.0/avr toolchain/bin/../lib/gcc/avr/4.5.1/../../../../avr/lib/avr4\libc.a(malloc.o)
                0x008001ff                __brkval
                0x00800201                __flp
                0x00800203                PROVIDE (__bss_end, .)
                0x00001c7a                __data_load_start = LOADADDR (.data)
                0x00001d14                __data_load_end = (__data_load_start + SIZEOF (.data))

.noinit         0x00800203        0x0
                0x00800203                PROVIDE (__noinit_start, .)
 *(.noinit*)
                0x00800203                PROVIDE (__noinit_end, .)
                0x00800203                _end = .
                0x00800203                PROVIDE (__heap_start, .)

.eeprom         0x00810000        0x0
 *(.eeprom*)
                0x00810000                __eeprom_end = .

.fuse
 *(.fuse)
 *(.lfuse)
 *(.hfuse)
 *(.efuse)

.lock
 *(.lock*)

.signature
 *(.signature*)

.stab           0x00000000      0xc84
 *(.stab)
 .stab          0x00000000      0x6cc d:/program files/atmel/avr studio 5.0/avr toolchain/bin/../lib/gcc/avr/4.5.1/../../../../avr/lib/avr4/crtm88p.o
 .stab          0x000006cc       0x9c d:/program files/atmel/avr studio 5.0/avr toolchain/bin/../lib/gcc/avr/4.5.1/../../../../avr/lib/avr4\libc.a(strnlen_P.o)
                                 0xa8 (size before relaxing)
 .stab          0x00000768       0x9c d:/program files/atmel/avr studio 5.0/avr toolchain/bin/../lib/gcc/avr/4.5.1/../../../../avr/lib/avr4\libc.a(strnlen.o)
                                 0xa8 (size before relaxing)
 .stab          0x00000804      0x480 d:/program files/atmel/avr studio 5.0/avr toolchain/bin/../lib/gcc/avr/4.5.1/../../../../avr/lib/avr4\libc.a(ultoa_invert.o)
                                0x48c (size before relaxing)

.stabstr        0x00000000      0x1b6
 *(.stabstr)
 .stabstr       0x00000000      0x1b6 d:/program files/atmel/avr studio 5.0/avr toolchain/bin/../lib/gcc/avr/4.5.1/../../../../avr/lib/avr4/crtm88p.o

.stab.excl
 *(.stab.excl)

.stab.exclstr
 *(.stab.exclstr)

.stab.index
 *(.stab.index)

.stab.indexstr
 *(.stab.indexstr)

.comment
 *(.comment)

.debug
 *(.debug)

.line
 *(.line)

.debug_srcinfo
 *(.debug_srcinfo)

.debug_sfnames
 *(.debug_sfnames)

.debug_aranges  0x00000000       0x88
 *(.debug_aranges)
 .debug_aranges
                0x00000000       0x28 d:/program files/atmel/avr studio 5.0/avr toolchain/bin/../lib/gcc/avr/4.5.1/../../../../avr/lib/avr4\libc.a(malloc.o)
 .debug_aranges
                0x00000028       0x20 d:/program files/atmel/avr studio 5.0/avr toolchain/bin/../lib/gcc/avr/4.5.1/../../../../avr/lib/avr4\libc.a(sprintf.o)
 .debug_aranges
                0x00000048       0x20 d:/program files/atmel/avr studio 5.0/avr toolchain/bin/../lib/gcc/avr/4.5.1/../../../../avr/lib/avr4\libc.a(vfprintf_std.o)
 .debug_aranges
                0x00000068       0x20 d:/program files/atmel/avr studio 5.0/avr toolchain/bin/../lib/gcc/avr/4.5.1/../../../../avr/lib/avr4\libc.a(fputc.o)

.debug_pubnames
                0x00000000       0xd8
 *(.debug_pubnames)
 .debug_pubnames
                0x00000000       0x7f d:/program files/atmel/avr studio 5.0/avr toolchain/bin/../lib/gcc/avr/4.5.1/../../../../avr/lib/avr4\libc.a(malloc.o)
 .debug_pubnames
                0x0000007f       0x1e d:/program files/atmel/avr studio 5.0/avr toolchain/bin/../lib/gcc/avr/4.5.1/../../../../avr/lib/avr4\libc.a(sprintf.o)
 .debug_pubnames
                0x0000009d       0x1f d:/program files/atmel/avr studio 5.0/avr toolchain/bin/../lib/gcc/avr/4.5.1/../../../../avr/lib/avr4\libc.a(vfprintf_std.o)
 .debug_pubnames
                0x000000bc       0x1c d:/program files/atmel/avr studio 5.0/avr toolchain/bin/../lib/gcc/avr/4.5.1/../../../../avr/lib/avr4\libc.a(fputc.o)

.debug_info     0x00000000      0x904
 *(.debug_info)
 .debug_info    0x00000000      0x296 d:/program files/atmel/avr studio 5.0/avr toolchain/bin/../lib/gcc/avr/4.5.1/../../../../avr/lib/avr4\libc.a(malloc.o)
 .debug_info    0x00000296      0x1b7 d:/program files/atmel/avr studio 5.0/avr toolchain/bin/../lib/gcc/avr/4.5.1/../../../../avr/lib/avr4\libc.a(sprintf.o)
 .debug_info    0x0000044d      0x350 d:/program files/atmel/avr studio 5.0/avr toolchain/bin/../lib/gcc/avr/4.5.1/../../../../avr/lib/avr4\libc.a(vfprintf_std.o)
 .debug_info    0x0000079d      0x167 d:/program files/atmel/avr studio 5.0/avr toolchain/bin/../lib/gcc/avr/4.5.1/../../../../avr/lib/avr4\libc.a(fputc.o)
 *(.gnu.linkonce.wi.*)

.debug_abbrev   0x00000000      0x42a
 *(.debug_abbrev)
 .debug_abbrev  0x00000000       0xf5 d:/program files/atmel/avr studio 5.0/avr toolchain/bin/../lib/gcc/avr/4.5.1/../../../../avr/lib/avr4\libc.a(malloc.o)
 .debug_abbrev  0x000000f5       0xfd d:/program files/atmel/avr studio 5.0/avr toolchain/bin/../lib/gcc/avr/4.5.1/../../../../avr/lib/avr4\libc.a(sprintf.o)
 .debug_abbrev  0x000001f2      0x15f d:/program files/atmel/avr studio 5.0/avr toolchain/bin/../lib/gcc/avr/4.5.1/../../../../avr/lib/avr4\libc.a(vfprintf_std.o)
 .debug_abbrev  0x00000351       0xd9 d:/program files/atmel/avr studio 5.0/avr toolchain/bin/../lib/gcc/avr/4.5.1/../../../../avr/lib/avr4\libc.a(fputc.o)

.debug_line     0x00000000      0xd0b
 *(.debug_line)
 .debug_line    0x00000000      0x3c8 d:/program files/atmel/avr studio 5.0/avr toolchain/bin/../lib/gcc/avr/4.5.1/../../../../avr/lib/avr4\libc.a(malloc.o)
 .debug_line    0x000003c8      0x1af d:/program files/atmel/avr studio 5.0/avr toolchain/bin/../lib/gcc/avr/4.5.1/../../../../avr/lib/avr4\libc.a(sprintf.o)
 .debug_line    0x00000577      0x64d d:/program files/atmel/avr studio 5.0/avr toolchain/bin/../lib/gcc/avr/4.5.1/../../../../avr/lib/avr4\libc.a(vfprintf_std.o)
 .debug_line    0x00000bc4      0x147 d:/program files/atmel/avr studio 5.0/avr toolchain/bin/../lib/gcc/avr/4.5.1/../../../../avr/lib/avr4\libc.a(fputc.o)

.debug_frame    0x00000000       0x90
 *(.debug_frame)
 .debug_frame   0x00000000       0x30 d:/program files/atmel/avr studio 5.0/avr toolchain/bin/../lib/gcc/avr/4.5.1/../../../../avr/lib/avr4\libc.a(malloc.o)
 .debug_frame   0x00000030       0x20 d:/program files/atmel/avr studio 5.0/avr toolchain/bin/../lib/gcc/avr/4.5.1/../../../../avr/lib/avr4\libc.a(sprintf.o)
 .debug_frame   0x00000050       0x20 d:/program files/atmel/avr studio 5.0/avr toolchain/bin/../lib/gcc/avr/4.5.1/../../../../avr/lib/avr4\libc.a(vfprintf_std.o)
 .debug_frame   0x00000070       0x20 d:/program files/atmel/avr studio 5.0/avr toolchain/bin/../lib/gcc/avr/4.5.1/../../../../avr/lib/avr4\libc.a(fputc.o)

.debug_str      0x00000000      0x2d1
 *(.debug_str)
 .debug_str     0x00000000      0x131 d:/program files/atmel/avr studio 5.0/avr toolchain/bin/../lib/gcc/avr/4.5.1/../../../../avr/lib/avr4\libc.a(malloc.o)
                                0x16a (size before relaxing)
 .debug_str     0x00000131       0xa1 d:/program files/atmel/avr studio 5.0/avr toolchain/bin/../lib/gcc/avr/4.5.1/../../../../avr/lib/avr4\libc.a(sprintf.o)
                                0x121 (size before relaxing)
 .debug_str     0x000001d2       0xa9 d:/program files/atmel/avr studio 5.0/avr toolchain/bin/../lib/gcc/avr/4.5.1/../../../../avr/lib/avr4\libc.a(vfprintf_std.o)
                                0x177 (size before relaxing)
 .debug_str     0x0000027b       0x56 d:/program files/atmel/avr studio 5.0/avr toolchain/bin/../lib/gcc/avr/4.5.1/../../../../avr/lib/avr4\libc.a(fputc.o)
                                 0xfb (size before relaxing)

.debug_loc      0x00000000      0xb1a
 *(.debug_loc)
 .debug_loc     0x00000000      0x429 d:/program files/atmel/avr studio 5.0/avr toolchain/bin/../lib/gcc/avr/4.5.1/../../../../avr/lib/avr4\libc.a(malloc.o)
 .debug_loc     0x00000429      0x6a1 d:/program files/atmel/avr studio 5.0/avr toolchain/bin/../lib/gcc/avr/4.5.1/../../../../avr/lib/avr4\libc.a(vfprintf_std.o)
 .debug_loc     0x00000aca       0x50 d:/program files/atmel/avr studio 5.0/avr toolchain/bin/../lib/gcc/avr/4.5.1/../../../../avr/lib/avr4\libc.a(fputc.o)

.debug_macinfo
 *(.debug_macinfo)
OUTPUT(Projet_reflow_oven.elf elf32-avr)
LOAD linker stubs

.debug_pubtypes
                0x00000000       0xfd
 .debug_pubtypes
                0x00000000       0x39 d:/program files/atmel/avr studio 5.0/avr toolchain/bin/../lib/gcc/avr/4.5.1/../../../../avr/lib/avr4\libc.a(malloc.o)
 .debug_pubtypes
                0x00000039       0x48 d:/program files/atmel/avr studio 5.0/avr toolchain/bin/../lib/gcc/avr/4.5.1/../../../../avr/lib/avr4\libc.a(sprintf.o)
 .debug_pubtypes
                0x00000081       0x53 d:/program files/atmel/avr studio 5.0/avr toolchain/bin/../lib/gcc/avr/4.5.1/../../../../avr/lib/avr4\libc.a(vfprintf_std.o)
 .debug_pubtypes
                0x000000d4       0x29 d:/program files/atmel/avr studio 5.0/avr toolchain/bin/../lib/gcc/avr/4.5.1/../../../../avr/lib/avr4\libc.a(fputc.o)

.debug_ranges   0x00000000       0x60
 .debug_ranges  0x00000000       0x18 d:/program files/atmel/avr studio 5.0/avr toolchain/bin/../lib/gcc/avr/4.5.1/../../../../avr/lib/avr4\libc.a(malloc.o)
 .debug_ranges  0x00000018       0x10 d:/program files/atmel/avr studio 5.0/avr toolchain/bin/../lib/gcc/avr/4.5.1/../../../../avr/lib/avr4\libc.a(sprintf.o)
 .debug_ranges  0x00000028       0x28 d:/program files/atmel/avr studio 5.0/avr toolchain/bin/../lib/gcc/avr/4.5.1/../../../../avr/lib/avr4\libc.a(vfprintf_std.o)
 .debug_ranges  0x00000050       0x10 d:/program files/atmel/avr studio 5.0/avr toolchain/bin/../lib/gcc/avr/4.5.1/../../../../avr/lib/avr4\libc.a(fputc.o)
