Archive member included because of file (symbol)

d:/program files/atmel/avr studio 5.0/avr toolchain/bin/../lib/gcc/avr/4.5.1/avr4\libgcc.a(_divmodsi4.o)
                              I2C.o (__divmodsi4)
d:/program files/atmel/avr studio 5.0/avr toolchain/bin/../lib/gcc/avr/4.5.1/avr4\libgcc.a(_exit.o)
                              d:/program files/atmel/avr studio 5.0/avr toolchain/bin/../lib/gcc/avr/4.5.1/../../../../avr/lib/avr4/crtm88.o (exit)
d:/program files/atmel/avr studio 5.0/avr toolchain/bin/../lib/gcc/avr/4.5.1/avr4\libgcc.a(_copy_data.o)
                              main.o (__do_copy_data)
d:/program files/atmel/avr studio 5.0/avr toolchain/bin/../lib/gcc/avr/4.5.1/avr4\libgcc.a(_clear_bss.o)
                              button.o (__do_clear_bss)
d:/program files/atmel/avr studio 5.0/avr toolchain/bin/../lib/gcc/avr/4.5.1/avr4\libgcc.a(_udivmodsi4.o)
                              d:/program files/atmel/avr studio 5.0/avr toolchain/bin/../lib/gcc/avr/4.5.1/avr4\libgcc.a(_divmodsi4.o) (__udivmodsi4)
d:/program files/atmel/avr studio 5.0/avr toolchain/bin/../lib/gcc/avr/4.5.1/../../../../avr/lib/avr4\libc.a(sprintf.o)
                              main.o (sprintf)
d:/program files/atmel/avr studio 5.0/avr toolchain/bin/../lib/gcc/avr/4.5.1/../../../../avr/lib/avr4\libc.a(vfprintf_std.o)
                              d:/program files/atmel/avr studio 5.0/avr toolchain/bin/../lib/gcc/avr/4.5.1/../../../../avr/lib/avr4\libc.a(sprintf.o) (vfprintf)
d:/program files/atmel/avr studio 5.0/avr toolchain/bin/../lib/gcc/avr/4.5.1/../../../../avr/lib/avr4\libc.a(strnlen_P.o)
                              d:/program files/atmel/avr studio 5.0/avr toolchain/bin/../lib/gcc/avr/4.5.1/../../../../avr/lib/avr4\libc.a(vfprintf_std.o) (strnlen_P)
d:/program files/atmel/avr studio 5.0/avr toolchain/bin/../lib/gcc/avr/4.5.1/../../../../avr/lib/avr4\libc.a(strnlen.o)
                              d:/program files/atmel/avr studio 5.0/avr toolchain/bin/../lib/gcc/avr/4.5.1/../../../../avr/lib/avr4\libc.a(vfprintf_std.o) (strnlen)
d:/program files/atmel/avr studio 5.0/avr toolchain/bin/../lib/gcc/avr/4.5.1/../../../../avr/lib/avr4\libc.a(fputc.o)
                              d:/program files/atmel/avr studio 5.0/avr toolchain/bin/../lib/gcc/avr/4.5.1/../../../../avr/lib/avr4\libc.a(vfprintf_std.o) (fputc)
d:/program files/atmel/avr studio 5.0/avr toolchain/bin/../lib/gcc/avr/4.5.1/../../../../avr/lib/avr4\libc.a(ultoa_invert.o)
                              d:/program files/atmel/avr studio 5.0/avr toolchain/bin/../lib/gcc/avr/4.5.1/../../../../avr/lib/avr4\libc.a(vfprintf_std.o) (__ultoa_invert)
d:/program files/atmel/avr studio 5.0/avr toolchain/bin/../lib/gcc/avr/4.5.1/avr4\libgcc.a(_prologue.o)
                              d:/program files/atmel/avr studio 5.0/avr toolchain/bin/../lib/gcc/avr/4.5.1/../../../../avr/lib/avr4\libc.a(sprintf.o) (__prologue_saves__)
d:/program files/atmel/avr studio 5.0/avr toolchain/bin/../lib/gcc/avr/4.5.1/avr4\libgcc.a(_epilogue.o)
                              d:/program files/atmel/avr studio 5.0/avr toolchain/bin/../lib/gcc/avr/4.5.1/../../../../avr/lib/avr4\libc.a(sprintf.o) (__epilogue_restores__)

Allocating common symbols
Common symbol       size              file

TIMER_CB_TICK       0x14              OS.o
SPI_statusCode      0x1               I2C.o
I2C_function        0x2               I2C.o
OS_CURRENT_STATE    0x1               OS.o
TIMER_CB_TIME       0x14              OS.o
TIMER_CB_FUNC       0x14              OS.o
device              0x1               I2C.o

Memory Configuration

Name             Origin             Length             Attributes
text             0x00000000         0x00002000         xr
data             0x00800060         0x0000ffa0         rw !x
eeprom           0x00810000         0x00010000         rw !x
fuse             0x00820000         0x00000400         rw !x
lock             0x00830000         0x00000400         rw !x
signature        0x00840000         0x00000400         rw !x
*default*        0x00000000         0xffffffff

Linker script and memory map

Address of section .data set to 0x800100
LOAD d:/program files/atmel/avr studio 5.0/avr toolchain/bin/../lib/gcc/avr/4.5.1/../../../../avr/lib/avr4/crtm88.o
LOAD button.o
LOAD EEPROM.o
LOAD hardware.o
LOAD I2C.o
LOAD lcd.o
LOAD main.o
LOAD MAX.o
LOAD menu.o
LOAD OS.o
LOAD SPI.o
LOAD timers.o
LOAD USART.o
LOAD d:/program files/atmel/avr studio 5.0/avr toolchain/bin/../lib/gcc/avr/4.5.1/avr4\libgcc.a
LOAD d:/program files/atmel/avr studio 5.0/avr toolchain/bin/../lib/gcc/avr/4.5.1/../../../../avr/lib/avr4\libc.a
LOAD d:/program files/atmel/avr studio 5.0/avr toolchain/bin/../lib/gcc/avr/4.5.1/avr4\libgcc.a

.hash
 *(.hash)

.dynsym
 *(.dynsym)

.dynstr
 *(.dynstr)

.gnu.version
 *(.gnu.version)

.gnu.version_d
 *(.gnu.version_d)

.gnu.version_r
 *(.gnu.version_r)

.rel.init
 *(.rel.init)

.rela.init
 *(.rela.init)

.rel.text
 *(.rel.text)
 *(.rel.text.*)
 *(.rel.gnu.linkonce.t*)

.rela.text
 *(.rela.text)
 *(.rela.text.*)
 *(.rela.gnu.linkonce.t*)

.rel.fini
 *(.rel.fini)

.rela.fini
 *(.rela.fini)

.rel.rodata
 *(.rel.rodata)
 *(.rel.rodata.*)
 *(.rel.gnu.linkonce.r*)

.rela.rodata
 *(.rela.rodata)
 *(.rela.rodata.*)
 *(.rela.gnu.linkonce.r*)

.rel.data
 *(.rel.data)
 *(.rel.data.*)
 *(.rel.gnu.linkonce.d*)

.rela.data
 *(.rela.data)
 *(.rela.data.*)
 *(.rela.gnu.linkonce.d*)

.rel.ctors
 *(.rel.ctors)

.rela.ctors
 *(.rela.ctors)

.rel.dtors
 *(.rel.dtors)

.rela.dtors
 *(.rela.dtors)

.rel.got
 *(.rel.got)

.rela.got
 *(.rela.got)

.rel.bss
 *(.rel.bss)

.rela.bss
 *(.rela.bss)

.rel.plt
 *(.rel.plt)

.rela.plt
 *(.rela.plt)

.text           0x00000000     0x1566
 *(.vectors)
 .vectors       0x00000000       0x34 d:/program files/atmel/avr studio 5.0/avr toolchain/bin/../lib/gcc/avr/4.5.1/../../../../avr/lib/avr4/crtm88.o
                0x00000000                __vector_default
                0x00000000                __vectors
 *(.vectors)
 *(.progmem.gcc*)
 *(.progmem*)
 .progmem.data  0x00000034        0x7 main.o
 .progmem.data  0x0000003b       0xf5 menu.o
                0x0000003b                ST_WELCOME_TXT
                0x00000045                ST_TEMP_PTS_TXT
                0x0000004f                ST_PROFILES_TXT
                0x00000059                ST_PROFILES_SAVE_TXT
                0x00000060                ST_PROFILES_LOAD_TXT
                0x00000067                ST_RUN_TXT
                0x0000006b                ST_MANUAL_TXT
                0x00000074                ST_MANUAL_TEMP_TXT
                0x00000079                ST_MANUAL_CMD_TXT
                0x00000083                ST_MANUAL_SET_CMD_TXT
                0x00000090                Menu_State
                0x000000c7                Menu_Nextstate
                0x00000130                . = ALIGN (0x2)
                0x00000130                __trampolines_start = .
 *(.trampolines)
 .trampolines   0x00000130        0x0 linker stubs
 *(.trampolines*)
                0x00000130                __trampolines_end = .
 *(.jumptables)
 *(.jumptables*)
 *(.lowtext)
 *(.lowtext*)
                0x00000130                __ctors_start = .
 *(.ctors)
                0x00000130                __ctors_end = .
                0x00000130                __dtors_start = .
 *(.dtors)
                0x00000130                __dtors_end = .
 SORT(*)(.ctors)
 SORT(*)(.dtors)
 *(.init0)
 .init0         0x00000130        0x0 d:/program files/atmel/avr studio 5.0/avr toolchain/bin/../lib/gcc/avr/4.5.1/../../../../avr/lib/avr4/crtm88.o
                0x00000130                __init
 *(.init0)
 *(.init1)
 *(.init1)
 *(.init2)
 .init2         0x00000130        0xc d:/program files/atmel/avr studio 5.0/avr toolchain/bin/../lib/gcc/avr/4.5.1/../../../../avr/lib/avr4/crtm88.o
 *(.init2)
 *(.init3)
 *(.init3)
 *(.init4)
 .init4         0x0000013c       0x16 d:/program files/atmel/avr studio 5.0/avr toolchain/bin/../lib/gcc/avr/4.5.1/avr4\libgcc.a(_copy_data.o)
                0x0000013c                __do_copy_data
 .init4         0x00000152       0x10 d:/program files/atmel/avr studio 5.0/avr toolchain/bin/../lib/gcc/avr/4.5.1/avr4\libgcc.a(_clear_bss.o)
                0x00000152                __do_clear_bss
 *(.init4)
 *(.init5)
 *(.init5)
 *(.init6)
 *(.init6)
 *(.init7)
 *(.init7)
 *(.init8)
 *(.init8)
 *(.init9)
 .init9         0x00000162        0x4 d:/program files/atmel/avr studio 5.0/avr toolchain/bin/../lib/gcc/avr/4.5.1/../../../../avr/lib/avr4/crtm88.o
 *(.init9)
 *(.text)
 .text          0x00000166        0x2 d:/program files/atmel/avr studio 5.0/avr toolchain/bin/../lib/gcc/avr/4.5.1/../../../../avr/lib/avr4/crtm88.o
                0x00000166                __vector_22
                0x00000166                __vector_1
                0x00000166                __vector_12
                0x00000166                __bad_interrupt
                0x00000166                __vector_6
                0x00000166                __vector_23
                0x00000166                __vector_25
                0x00000166                __vector_11
                0x00000166                __vector_13
                0x00000166                __vector_19
                0x00000166                __vector_4
                0x00000166                __vector_9
                0x00000166                __vector_2
                0x00000166                __vector_21
                0x00000166                __vector_15
                0x00000166                __vector_8
                0x00000166                __vector_14
                0x00000166                __vector_10
                0x00000166                __vector_16
                0x00000166                __vector_18
                0x00000166                __vector_20
 .text          0x00000168      0x178 button.o
                0x00000168                read_key
                0x000001d0                KEYBOARD_init
                0x0000020a                __vector_5
                0x00000270                __vector_3
                0x000002d6                KEYBOARD_getKey
 .text          0x000002e0        0x0 EEPROM.o
 .text          0x000002e0       0x1e hardware.o
                0x000002e0                statusLed_init
                0x000002e6                hardware_init
                0x000002f0                statusLedOn
                0x000002f4                statusLedOff
                0x000002f8                statusLedToggle
 .text          0x000002fe       0xcc I2C.o
                0x000002fe                I2C_init
                0x00000348                I2C_setDevice
                0x00000356                I2C_start
                0x00000362                I2C_stop
                0x00000374                __vector_24
 .text          0x000003ca      0x15e lcd.o
                0x0000045e                lcd_command
                0x0000046e                lcd_gotoxy
                0x0000047c                lcd_clrscr
                0x00000482                lcd_putc
                0x000004a6                lcd_puts
                0x000004bc                lcd_puts_p
                0x000004d6                lcd_init
 .text          0x00000528      0x416 main.o
                0x00000528                main
                0x00000582                st_welcome
                0x00000684                st_temp_pts
                0x0000069c                st_profiles
                0x000006b4                st_profiles_save
                0x000006cc                st_profiles_load
                0x000006e4                st_run
                0x000006fc                st_manual
                0x00000714                st_manual_temp
                0x0000072c                st_manual_cmd
                0x000007a2                st_manual_set_cmd
 .text          0x0000093e       0x28 MAX.o
                0x0000093e                MAX_init
                0x00000944                MAX_start
                0x00000948                MAX_getTemp
 .text          0x00000966        0x0 menu.o
 .text          0x00000966      0x29c OS.o
                0x00000966                OS_init
                0x0000099a                OS_stateMachine
                0x000009d6                OS_start
                0x00000afe                OS_addTimerCallback
                0x00000b52                OS_removeTimerCallback
                0x00000b7a                OS_updateCallbackTime
                0x00000b8c                __vector_7
 .text          0x00000c02      0x16a SPI.o
                0x00000c02                SPI_init
                0x00000c32                SPI_start
                0x00000c50                SPI_getFrame
                0x00000c62                __vector_17
 .text          0x00000d6c      0x120 timers.o
                0x00000d6c                CB_TIMER_Init_1ms
                0x00000d92                PWM_Init
                0x00000d9e                PWM_setDutyCycle
                0x00000da2                PWM_enable
                0x00000e0c                PWM_disable
 .text          0x00000e8c       0xbe USART.o
                0x00000e8c                RS232_init
                0x00000eb8                RS232_sendByte
                0x00000ec6                RS232_print
                0x00000eec                RS232_println
                0x00000f18                RS232_sendBuffer
 .text          0x00000f4a        0x0 d:/program files/atmel/avr studio 5.0/avr toolchain/bin/../lib/gcc/avr/4.5.1/avr4\libgcc.a(_divmodsi4.o)
 .text          0x00000f4a        0x0 d:/program files/atmel/avr studio 5.0/avr toolchain/bin/../lib/gcc/avr/4.5.1/avr4\libgcc.a(_exit.o)
 .text          0x00000f4a        0x0 d:/program files/atmel/avr studio 5.0/avr toolchain/bin/../lib/gcc/avr/4.5.1/avr4\libgcc.a(_copy_data.o)
 .text          0x00000f4a        0x0 d:/program files/atmel/avr studio 5.0/avr toolchain/bin/../lib/gcc/avr/4.5.1/avr4\libgcc.a(_clear_bss.o)
 .text          0x00000f4a        0x0 d:/program files/atmel/avr studio 5.0/avr toolchain/bin/../lib/gcc/avr/4.5.1/avr4\libgcc.a(_udivmodsi4.o)
 .text          0x00000f4a        0x0 d:/program files/atmel/avr studio 5.0/avr toolchain/bin/../lib/gcc/avr/4.5.1/../../../../avr/lib/avr4\libc.a(sprintf.o)
 .text          0x00000f4a        0x0 d:/program files/atmel/avr studio 5.0/avr toolchain/bin/../lib/gcc/avr/4.5.1/../../../../avr/lib/avr4\libc.a(vfprintf_std.o)
 .text          0x00000f4a        0x0 d:/program files/atmel/avr studio 5.0/avr toolchain/bin/../lib/gcc/avr/4.5.1/../../../../avr/lib/avr4\libc.a(strnlen_P.o)
 .text          0x00000f4a        0x0 d:/program files/atmel/avr studio 5.0/avr toolchain/bin/../lib/gcc/avr/4.5.1/../../../../avr/lib/avr4\libc.a(strnlen.o)
 .text          0x00000f4a        0x0 d:/program files/atmel/avr studio 5.0/avr toolchain/bin/../lib/gcc/avr/4.5.1/../../../../avr/lib/avr4\libc.a(fputc.o)
 .text          0x00000f4a        0x0 d:/program files/atmel/avr studio 5.0/avr toolchain/bin/../lib/gcc/avr/4.5.1/../../../../avr/lib/avr4\libc.a(ultoa_invert.o)
 .text          0x00000f4a        0x0 d:/program files/atmel/avr studio 5.0/avr toolchain/bin/../lib/gcc/avr/4.5.1/avr4\libgcc.a(_prologue.o)
 .text          0x00000f4a        0x0 d:/program files/atmel/avr studio 5.0/avr toolchain/bin/../lib/gcc/avr/4.5.1/avr4\libgcc.a(_epilogue.o)
                0x00000f4a                . = ALIGN (0x2)
 *(.text.*)
 .text.libgcc   0x00000f4a       0x36 d:/program files/atmel/avr studio 5.0/avr toolchain/bin/../lib/gcc/avr/4.5.1/avr4\libgcc.a(_divmodsi4.o)
                0x00000f4a                __divmodsi4
 .text.libgcc   0x00000f80        0x0 d:/program files/atmel/avr studio 5.0/avr toolchain/bin/../lib/gcc/avr/4.5.1/avr4\libgcc.a(_exit.o)
 .text.libgcc   0x00000f80        0x0 d:/program files/atmel/avr studio 5.0/avr toolchain/bin/../lib/gcc/avr/4.5.1/avr4\libgcc.a(_copy_data.o)
 .text.libgcc   0x00000f80        0x0 d:/program files/atmel/avr studio 5.0/avr toolchain/bin/../lib/gcc/avr/4.5.1/avr4\libgcc.a(_clear_bss.o)
 .text.libgcc   0x00000f80       0x44 d:/program files/atmel/avr studio 5.0/avr toolchain/bin/../lib/gcc/avr/4.5.1/avr4\libgcc.a(_udivmodsi4.o)
                0x00000f80                __udivmodsi4
 .text.avr-libc
                0x00000fc4       0x40 d:/program files/atmel/avr studio 5.0/avr toolchain/bin/../lib/gcc/avr/4.5.1/../../../../avr/lib/avr4\libc.a(sprintf.o)
                0x00000fc4                sprintf
 .text.avr-libc
                0x00001004      0x3b0 d:/program files/atmel/avr studio 5.0/avr toolchain/bin/../lib/gcc/avr/4.5.1/../../../../avr/lib/avr4\libc.a(vfprintf_std.o)
                0x00001004                vfprintf
 .text.avr-libc
                0x000013b4       0x16 d:/program files/atmel/avr studio 5.0/avr toolchain/bin/../lib/gcc/avr/4.5.1/../../../../avr/lib/avr4\libc.a(strnlen_P.o)
                0x000013b4                strnlen_P
 .text.avr-libc
                0x000013ca       0x16 d:/program files/atmel/avr studio 5.0/avr toolchain/bin/../lib/gcc/avr/4.5.1/../../../../avr/lib/avr4\libc.a(strnlen.o)
                0x000013ca                strnlen
 .text.avr-libc
                0x000013e0       0x58 d:/program files/atmel/avr studio 5.0/avr toolchain/bin/../lib/gcc/avr/4.5.1/../../../../avr/lib/avr4\libc.a(fputc.o)
                0x000013e0                fputc
 .text.avr-libc
                0x00001438       0xbc d:/program files/atmel/avr studio 5.0/avr toolchain/bin/../lib/gcc/avr/4.5.1/../../../../avr/lib/avr4\libc.a(ultoa_invert.o)
                0x00001438                __ultoa_invert
 .text.libgcc   0x000014f4       0x38 d:/program files/atmel/avr studio 5.0/avr toolchain/bin/../lib/gcc/avr/4.5.1/avr4\libgcc.a(_prologue.o)
                0x000014f4                __prologue_saves__
 .text.libgcc   0x0000152c       0x36 d:/program files/atmel/avr studio 5.0/avr toolchain/bin/../lib/gcc/avr/4.5.1/avr4\libgcc.a(_epilogue.o)
                0x0000152c                __epilogue_restores__
                0x00001562                . = ALIGN (0x2)
 *(.fini9)
 .fini9         0x00001562        0x0 d:/program files/atmel/avr studio 5.0/avr toolchain/bin/../lib/gcc/avr/4.5.1/avr4\libgcc.a(_exit.o)
                0x00001562                _exit
                0x00001562                exit
 *(.fini9)
 *(.fini8)
 *(.fini8)
 *(.fini7)
 *(.fini7)
 *(.fini6)
 *(.fini6)
 *(.fini5)
 *(.fini5)
 *(.fini4)
 *(.fini4)
 *(.fini3)
 *(.fini3)
 *(.fini2)
 *(.fini2)
 *(.fini1)
 *(.fini1)
 *(.fini0)
 .fini0         0x00001562        0x4 d:/program files/atmel/avr studio 5.0/avr toolchain/bin/../lib/gcc/avr/4.5.1/avr4\libgcc.a(_exit.o)
 *(.fini0)
                0x00001566                _etext = .

.data           0x00800100       0x6c load address 0x00001566
                0x00800100                PROVIDE (__data_start, .)
 *(.data)
 .data          0x00800100        0x0 d:/program files/atmel/avr studio 5.0/avr toolchain/bin/../lib/gcc/avr/4.5.1/../../../../avr/lib/avr4/crtm88.o
 .data          0x00800100        0x0 button.o
 .data          0x00800100        0x0 EEPROM.o
 .data          0x00800100        0x0 hardware.o
 .data          0x00800100        0x0 I2C.o
 .data          0x00800100        0x0 lcd.o
 .data          0x00800100       0x45 main.o
                0x00800138                blinkPeriod
                0x0080013a                PWM_DC
 .data          0x00800145        0x0 MAX.o
 .data          0x00800145        0x0 menu.o
 .data          0x00800145        0x0 OS.o
 .data          0x00800145        0x5 SPI.o
                0x00800149                nbits
 .data          0x0080014a       0x1e timers.o
 .data          0x00800168        0x3 USART.o
 .data          0x0080016b        0x0 d:/program files/atmel/avr studio 5.0/avr toolchain/bin/../lib/gcc/avr/4.5.1/avr4\libgcc.a(_divmodsi4.o)
 .data          0x0080016b        0x0 d:/program files/atmel/avr studio 5.0/avr toolchain/bin/../lib/gcc/avr/4.5.1/avr4\libgcc.a(_exit.o)
 .data          0x0080016b        0x0 d:/program files/atmel/avr studio 5.0/avr toolchain/bin/../lib/gcc/avr/4.5.1/avr4\libgcc.a(_copy_data.o)
 .data          0x0080016b        0x0 d:/program files/atmel/avr studio 5.0/avr toolchain/bin/../lib/gcc/avr/4.5.1/avr4\libgcc.a(_clear_bss.o)
 .data          0x0080016b        0x0 d:/program files/atmel/avr studio 5.0/avr toolchain/bin/../lib/gcc/avr/4.5.1/avr4\libgcc.a(_udivmodsi4.o)
 .data          0x0080016b        0x0 d:/program files/atmel/avr studio 5.0/avr toolchain/bin/../lib/gcc/avr/4.5.1/../../../../avr/lib/avr4\libc.a(sprintf.o)
 .data          0x0080016b        0x0 d:/program files/atmel/avr studio 5.0/avr toolchain/bin/../lib/gcc/avr/4.5.1/../../../../avr/lib/avr4\libc.a(vfprintf_std.o)
 .data          0x0080016b        0x0 d:/program files/atmel/avr studio 5.0/avr toolchain/bin/../lib/gcc/avr/4.5.1/../../../../avr/lib/avr4\libc.a(strnlen_P.o)
 .data          0x0080016b        0x0 d:/program files/atmel/avr studio 5.0/avr toolchain/bin/../lib/gcc/avr/4.5.1/../../../../avr/lib/avr4\libc.a(strnlen.o)
 .data          0x0080016b        0x0 d:/program files/atmel/avr studio 5.0/avr toolchain/bin/../lib/gcc/avr/4.5.1/../../../../avr/lib/avr4\libc.a(fputc.o)
 .data          0x0080016b        0x0 d:/program files/atmel/avr studio 5.0/avr toolchain/bin/../lib/gcc/avr/4.5.1/../../../../avr/lib/avr4\libc.a(ultoa_invert.o)
 .data          0x0080016b        0x0 d:/program files/atmel/avr studio 5.0/avr toolchain/bin/../lib/gcc/avr/4.5.1/avr4\libgcc.a(_prologue.o)
 .data          0x0080016b        0x0 d:/program files/atmel/avr studio 5.0/avr toolchain/bin/../lib/gcc/avr/4.5.1/avr4\libgcc.a(_epilogue.o)
 *(.data*)
 *(.rodata)
 *(.rodata*)
 *(.gnu.linkonce.d*)
                0x0080016c                . = ALIGN (0x2)
 *fill*         0x0080016b        0x1 00
                0x0080016c                _edata = .
                0x0080016c                PROVIDE (__data_end, .)

.bss            0x0080016c       0x58
                0x0080016c                PROVIDE (__bss_start, .)
 *(.bss)
 .bss           0x0080016c        0x0 d:/program files/atmel/avr studio 5.0/avr toolchain/bin/../lib/gcc/avr/4.5.1/../../../../avr/lib/avr4/crtm88.o
 .bss           0x0080016c        0x3 button.o
                0x0080016c                KEY
                0x0080016d                CBID_ReadKey
                0x0080016e                CBID_KEYDOWN_simulation
 .bss           0x0080016f        0x0 EEPROM.o
 .bss           0x0080016f        0x0 hardware.o
 .bss           0x0080016f        0x0 I2C.o
 .bss           0x0080016f        0x0 lcd.o
 .bss           0x0080016f        0xd main.o
                0x0080016f                CBID_TglLed
                0x00800170                CBID_delay
                0x00800171                CBID_AcqSpi
                0x00800172                CBID_RefreshLCD
                0x00800173                pwmDCpourMille
 .bss           0x0080017c        0x0 MAX.o
 .bss           0x0080017c        0x0 menu.o
 .bss           0x0080017c        0x0 OS.o
 .bss           0x0080017c        0x7 SPI.o
                0x0080017c                frame
                0x00800180                count
                0x00800181                temp
 .bss           0x00800183        0x0 timers.o
 .bss           0x00800183        0x0 USART.o
 .bss           0x00800183        0x0 d:/program files/atmel/avr studio 5.0/avr toolchain/bin/../lib/gcc/avr/4.5.1/avr4\libgcc.a(_divmodsi4.o)
 .bss           0x00800183        0x0 d:/program files/atmel/avr studio 5.0/avr toolchain/bin/../lib/gcc/avr/4.5.1/avr4\libgcc.a(_exit.o)
 .bss           0x00800183        0x0 d:/program files/atmel/avr studio 5.0/avr toolchain/bin/../lib/gcc/avr/4.5.1/avr4\libgcc.a(_copy_data.o)
 .bss           0x00800183        0x0 d:/program files/atmel/avr studio 5.0/avr toolchain/bin/../lib/gcc/avr/4.5.1/avr4\libgcc.a(_clear_bss.o)
 .bss           0x00800183        0x0 d:/program files/atmel/avr studio 5.0/avr toolchain/bin/../lib/gcc/avr/4.5.1/avr4\libgcc.a(_udivmodsi4.o)
 .bss           0x00800183        0x0 d:/program files/atmel/avr studio 5.0/avr toolchain/bin/../lib/gcc/avr/4.5.1/../../../../avr/lib/avr4\libc.a(sprintf.o)
 .bss           0x00800183        0x0 d:/program files/atmel/avr studio 5.0/avr toolchain/bin/../lib/gcc/avr/4.5.1/../../../../avr/lib/avr4\libc.a(vfprintf_std.o)
 .bss           0x00800183        0x0 d:/program files/atmel/avr studio 5.0/avr toolchain/bin/../lib/gcc/avr/4.5.1/../../../../avr/lib/avr4\libc.a(strnlen_P.o)
 .bss           0x00800183        0x0 d:/program files/atmel/avr studio 5.0/avr toolchain/bin/../lib/gcc/avr/4.5.1/../../../../avr/lib/avr4\libc.a(strnlen.o)
 .bss           0x00800183        0x0 d:/program files/atmel/avr studio 5.0/avr toolchain/bin/../lib/gcc/avr/4.5.1/../../../../avr/lib/avr4\libc.a(fputc.o)
 .bss           0x00800183        0x0 d:/program files/atmel/avr studio 5.0/avr toolchain/bin/../lib/gcc/avr/4.5.1/../../../../avr/lib/avr4\libc.a(ultoa_invert.o)
 .bss           0x00800183        0x0 d:/program files/atmel/avr studio 5.0/avr toolchain/bin/../lib/gcc/avr/4.5.1/avr4\libgcc.a(_prologue.o)
 .bss           0x00800183        0x0 d:/program files/atmel/avr studio 5.0/avr toolchain/bin/../lib/gcc/avr/4.5.1/avr4\libgcc.a(_epilogue.o)
 *(.bss*)
 *(COMMON)
 COMMON         0x00800183        0x4 I2C.o
                0x00800183                SPI_statusCode
                0x00800184                I2C_function
                0x00800186                device
 COMMON         0x00800187       0x3d OS.o
                0x00800187                TIMER_CB_TICK
                0x0080019b                OS_CURRENT_STATE
                0x0080019c                TIMER_CB_TIME
                0x008001b0                TIMER_CB_FUNC
                0x008001c4                PROVIDE (__bss_end, .)
                0x00001566                __data_load_start = LOADADDR (.data)
                0x000015d2                __data_load_end = (__data_load_start + SIZEOF (.data))

.noinit         0x008001c4        0x0
                0x008001c4                PROVIDE (__noinit_start, .)
 *(.noinit*)
                0x008001c4                PROVIDE (__noinit_end, .)
                0x008001c4                _end = .
                0x008001c4                PROVIDE (__heap_start, .)

.eeprom         0x00810000        0x0
 *(.eeprom*)
                0x00810000                __eeprom_end = .

.fuse
 *(.fuse)
 *(.lfuse)
 *(.hfuse)
 *(.efuse)

.lock
 *(.lock*)

.signature
 *(.signature*)

.stab           0x00000000      0xc84
 *(.stab)
 .stab          0x00000000      0x6cc d:/program files/atmel/avr studio 5.0/avr toolchain/bin/../lib/gcc/avr/4.5.1/../../../../avr/lib/avr4/crtm88.o
 .stab          0x000006cc       0x9c d:/program files/atmel/avr studio 5.0/avr toolchain/bin/../lib/gcc/avr/4.5.1/../../../../avr/lib/avr4\libc.a(strnlen_P.o)
                                 0xa8 (size before relaxing)
 .stab          0x00000768       0x9c d:/program files/atmel/avr studio 5.0/avr toolchain/bin/../lib/gcc/avr/4.5.1/../../../../avr/lib/avr4\libc.a(strnlen.o)
                                 0xa8 (size before relaxing)
 .stab          0x00000804      0x480 d:/program files/atmel/avr studio 5.0/avr toolchain/bin/../lib/gcc/avr/4.5.1/../../../../avr/lib/avr4\libc.a(ultoa_invert.o)
                                0x48c (size before relaxing)

.stabstr        0x00000000      0x1b6
 *(.stabstr)
 .stabstr       0x00000000      0x1b6 d:/program files/atmel/avr studio 5.0/avr toolchain/bin/../lib/gcc/avr/4.5.1/../../../../avr/lib/avr4/crtm88.o

.stab.excl
 *(.stab.excl)

.stab.exclstr
 *(.stab.exclstr)

.stab.index
 *(.stab.index)

.stab.indexstr
 *(.stab.indexstr)

.comment
 *(.comment)

.debug
 *(.debug)

.line
 *(.line)

.debug_srcinfo
 *(.debug_srcinfo)

.debug_sfnames
 *(.debug_sfnames)

.debug_aranges  0x00000000       0x60
 *(.debug_aranges)
 .debug_aranges
                0x00000000       0x20 d:/program files/atmel/avr studio 5.0/avr toolchain/bin/../lib/gcc/avr/4.5.1/../../../../avr/lib/avr4\libc.a(sprintf.o)
 .debug_aranges
                0x00000020       0x20 d:/program files/atmel/avr studio 5.0/avr toolchain/bin/../lib/gcc/avr/4.5.1/../../../../avr/lib/avr4\libc.a(vfprintf_std.o)
 .debug_aranges
                0x00000040       0x20 d:/program files/atmel/avr studio 5.0/avr toolchain/bin/../lib/gcc/avr/4.5.1/../../../../avr/lib/avr4\libc.a(fputc.o)

.debug_pubnames
                0x00000000       0x59
 *(.debug_pubnames)
 .debug_pubnames
                0x00000000       0x1e d:/program files/atmel/avr studio 5.0/avr toolchain/bin/../lib/gcc/avr/4.5.1/../../../../avr/lib/avr4\libc.a(sprintf.o)
 .debug_pubnames
                0x0000001e       0x1f d:/program files/atmel/avr studio 5.0/avr toolchain/bin/../lib/gcc/avr/4.5.1/../../../../avr/lib/avr4\libc.a(vfprintf_std.o)
 .debug_pubnames
                0x0000003d       0x1c d:/program files/atmel/avr studio 5.0/avr toolchain/bin/../lib/gcc/avr/4.5.1/../../../../avr/lib/avr4\libc.a(fputc.o)

.debug_info     0x00000000      0x66e
 *(.debug_info)
 .debug_info    0x00000000      0x1b7 d:/program files/atmel/avr studio 5.0/avr toolchain/bin/../lib/gcc/avr/4.5.1/../../../../avr/lib/avr4\libc.a(sprintf.o)
 .debug_info    0x000001b7      0x350 d:/program files/atmel/avr studio 5.0/avr toolchain/bin/../lib/gcc/avr/4.5.1/../../../../avr/lib/avr4\libc.a(vfprintf_std.o)
 .debug_info    0x00000507      0x167 d:/program files/atmel/avr studio 5.0/avr toolchain/bin/../lib/gcc/avr/4.5.1/../../../../avr/lib/avr4\libc.a(fputc.o)
 *(.gnu.linkonce.wi.*)

.debug_abbrev   0x00000000      0x335
 *(.debug_abbrev)
 .debug_abbrev  0x00000000       0xfd d:/program files/atmel/avr studio 5.0/avr toolchain/bin/../lib/gcc/avr/4.5.1/../../../../avr/lib/avr4\libc.a(sprintf.o)
 .debug_abbrev  0x000000fd      0x15f d:/program files/atmel/avr studio 5.0/avr toolchain/bin/../lib/gcc/avr/4.5.1/../../../../avr/lib/avr4\libc.a(vfprintf_std.o)
 .debug_abbrev  0x0000025c       0xd9 d:/program files/atmel/avr studio 5.0/avr toolchain/bin/../lib/gcc/avr/4.5.1/../../../../avr/lib/avr4\libc.a(fputc.o)

.debug_line     0x00000000      0x943
 *(.debug_line)
 .debug_line    0x00000000      0x1af d:/program files/atmel/avr studio 5.0/avr toolchain/bin/../lib/gcc/avr/4.5.1/../../../../avr/lib/avr4\libc.a(sprintf.o)
 .debug_line    0x000001af      0x64d d:/program files/atmel/avr studio 5.0/avr toolchain/bin/../lib/gcc/avr/4.5.1/../../../../avr/lib/avr4\libc.a(vfprintf_std.o)
 .debug_line    0x000007fc      0x147 d:/program files/atmel/avr studio 5.0/avr toolchain/bin/../lib/gcc/avr/4.5.1/../../../../avr/lib/avr4\libc.a(fputc.o)

.debug_frame    0x00000000       0x60
 *(.debug_frame)
 .debug_frame   0x00000000       0x20 d:/program files/atmel/avr studio 5.0/avr toolchain/bin/../lib/gcc/avr/4.5.1/../../../../avr/lib/avr4\libc.a(sprintf.o)
 .debug_frame   0x00000020       0x20 d:/program files/atmel/avr studio 5.0/avr toolchain/bin/../lib/gcc/avr/4.5.1/../../../../avr/lib/avr4\libc.a(vfprintf_std.o)
 .debug_frame   0x00000040       0x20 d:/program files/atmel/avr studio 5.0/avr toolchain/bin/../lib/gcc/avr/4.5.1/../../../../avr/lib/avr4\libc.a(fputc.o)

.debug_str      0x00000000      0x1e6
 *(.debug_str)
 .debug_str     0x00000000       0xe0 d:/program files/atmel/avr studio 5.0/avr toolchain/bin/../lib/gcc/avr/4.5.1/../../../../avr/lib/avr4\libc.a(sprintf.o)
                                0x121 (size before relaxing)
 .debug_str     0x000000e0       0xb0 d:/program files/atmel/avr studio 5.0/avr toolchain/bin/../lib/gcc/avr/4.5.1/../../../../avr/lib/avr4\libc.a(vfprintf_std.o)
                                0x177 (size before relaxing)
 .debug_str     0x00000190       0x56 d:/program files/atmel/avr studio 5.0/avr toolchain/bin/../lib/gcc/avr/4.5.1/../../../../avr/lib/avr4\libc.a(fputc.o)
                                 0xfb (size before relaxing)

.debug_loc      0x00000000      0x6f1
 *(.debug_loc)
 .debug_loc     0x00000000      0x6a1 d:/program files/atmel/avr studio 5.0/avr toolchain/bin/../lib/gcc/avr/4.5.1/../../../../avr/lib/avr4\libc.a(vfprintf_std.o)
 .debug_loc     0x000006a1       0x50 d:/program files/atmel/avr studio 5.0/avr toolchain/bin/../lib/gcc/avr/4.5.1/../../../../avr/lib/avr4\libc.a(fputc.o)

.debug_macinfo
 *(.debug_macinfo)
OUTPUT(Projet_reflow_oven.elf elf32-avr)
LOAD linker stubs

.debug_pubtypes
                0x00000000       0xc4
 .debug_pubtypes
                0x00000000       0x48 d:/program files/atmel/avr studio 5.0/avr toolchain/bin/../lib/gcc/avr/4.5.1/../../../../avr/lib/avr4\libc.a(sprintf.o)
 .debug_pubtypes
                0x00000048       0x53 d:/program files/atmel/avr studio 5.0/avr toolchain/bin/../lib/gcc/avr/4.5.1/../../../../avr/lib/avr4\libc.a(vfprintf_std.o)
 .debug_pubtypes
                0x0000009b       0x29 d:/program files/atmel/avr studio 5.0/avr toolchain/bin/../lib/gcc/avr/4.5.1/../../../../avr/lib/avr4\libc.a(fputc.o)

.debug_ranges   0x00000000       0x48
 .debug_ranges  0x00000000       0x10 d:/program files/atmel/avr studio 5.0/avr toolchain/bin/../lib/gcc/avr/4.5.1/../../../../avr/lib/avr4\libc.a(sprintf.o)
 .debug_ranges  0x00000010       0x28 d:/program files/atmel/avr studio 5.0/avr toolchain/bin/../lib/gcc/avr/4.5.1/../../../../avr/lib/avr4\libc.a(vfprintf_std.o)
 .debug_ranges  0x00000038       0x10 d:/program files/atmel/avr studio 5.0/avr toolchain/bin/../lib/gcc/avr/4.5.1/../../../../avr/lib/avr4\libc.a(fputc.o)
